Archive member included because of file (symbol)

/usr/lib/gcc/avr/4.8.1/avr5/libgcc.a(_exit.o)
                              /usr/lib/gcc/avr/4.8.1/../../../avr/lib/avr5/crtm16.o (exit)
/usr/lib/gcc/avr/4.8.1/avr5/libgcc.a(_copy_data.o)
                              ./cmd.o (__do_copy_data)
/usr/lib/gcc/avr/4.8.1/avr5/libgcc.a(_clear_bss.o)
                              ./cmd.o (__do_clear_bss)
/usr/lib/gcc/avr/4.8.1/../../../avr/lib/avr5/libc.a(strlen.o)
                              ./cmd.o (strlen)
/usr/lib/gcc/avr/4.8.1/../../../avr/lib/avr5/libc.a(puts.o)
                              ./cmd.o (puts)
/usr/lib/gcc/avr/4.8.1/../../../avr/lib/avr5/libc.a(sprintf.o)
                              ./cmd.o (sprintf)
/usr/lib/gcc/avr/4.8.1/../../../avr/lib/avr5/libc.a(sscanf.o)
                              ./cmd.o (sscanf)
/usr/lib/gcc/avr/4.8.1/../../../avr/lib/avr5/libc.a(vfprintf_std.o)
                              /usr/lib/gcc/avr/4.8.1/../../../avr/lib/avr5/libc.a(sprintf.o) (vfprintf)
/usr/lib/gcc/avr/4.8.1/../../../avr/lib/avr5/libc.a(vfscanf_std.o)
                              /usr/lib/gcc/avr/4.8.1/../../../avr/lib/avr5/libc.a(sscanf.o) (vfscanf)
/usr/lib/gcc/avr/4.8.1/../../../avr/lib/avr5/libc.a(isspace.o)
                              /usr/lib/gcc/avr/4.8.1/../../../avr/lib/avr5/libc.a(vfscanf_std.o) (isspace)
/usr/lib/gcc/avr/4.8.1/../../../avr/lib/avr5/libc.a(strchr_P.o)
                              /usr/lib/gcc/avr/4.8.1/../../../avr/lib/avr5/libc.a(vfscanf_std.o) (strchr_P)
/usr/lib/gcc/avr/4.8.1/../../../avr/lib/avr5/libc.a(strnlen_P.o)
                              /usr/lib/gcc/avr/4.8.1/../../../avr/lib/avr5/libc.a(vfprintf_std.o) (strnlen_P)
/usr/lib/gcc/avr/4.8.1/../../../avr/lib/avr5/libc.a(strnlen.o)
                              /usr/lib/gcc/avr/4.8.1/../../../avr/lib/avr5/libc.a(vfprintf_std.o) (strnlen)
/usr/lib/gcc/avr/4.8.1/../../../avr/lib/avr5/libc.a(fgetc.o)
                              /usr/lib/gcc/avr/4.8.1/../../../avr/lib/avr5/libc.a(vfscanf_std.o) (fgetc)
/usr/lib/gcc/avr/4.8.1/../../../avr/lib/avr5/libc.a(fputc.o)
                              /usr/lib/gcc/avr/4.8.1/../../../avr/lib/avr5/libc.a(vfprintf_std.o) (fputc)
/usr/lib/gcc/avr/4.8.1/../../../avr/lib/avr5/libc.a(iob.o)
                              /usr/lib/gcc/avr/4.8.1/../../../avr/lib/avr5/libc.a(puts.o) (__iob)
/usr/lib/gcc/avr/4.8.1/../../../avr/lib/avr5/libc.a(ungetc.o)
                              /usr/lib/gcc/avr/4.8.1/../../../avr/lib/avr5/libc.a(vfscanf_std.o) (ungetc)
/usr/lib/gcc/avr/4.8.1/../../../avr/lib/avr5/libc.a(ultoa_invert.o)
                              /usr/lib/gcc/avr/4.8.1/../../../avr/lib/avr5/libc.a(vfprintf_std.o) (__ultoa_invert)
/usr/lib/gcc/avr/4.8.1/../../../avr/lib/avr5/libc.a(cty_isfalse.o)
                              /usr/lib/gcc/avr/4.8.1/../../../avr/lib/avr5/libc.a(isspace.o) (__ctype_isfalse)
/usr/lib/gcc/avr/4.8.1/avr5/libgcc.a(_prologue.o)
                              /usr/lib/gcc/avr/4.8.1/../../../avr/lib/avr5/libc.a(sprintf.o) (__prologue_saves__)
/usr/lib/gcc/avr/4.8.1/avr5/libgcc.a(_epilogue.o)
                              /usr/lib/gcc/avr/4.8.1/../../../avr/lib/avr5/libc.a(sprintf.o) (__epilogue_restores__)

Allocating common symbols
Common symbol       size              file

stackTail           0x2               ./eeprom.o
dutyH               0x20              ./eeprom.o
dutyL               0x20              ./eeprom.o
debugStr            0x64              ./main.o
buf                 0x64              ./cmd.o
m                   0x20              ./it.o
__iob               0x6               /usr/lib/gcc/avr/4.8.1/../../../avr/lib/avr5/libc.a(iob.o)
status              0x2               ./eeprom.o

Memory Configuration

Name             Origin             Length             Attributes
text             0x00000000         0x00020000         xr
data             0x00800060         0x0000ffa0         rw !x
eeprom           0x00810000         0x00010000         rw !x
fuse             0x00820000         0x00000400         rw !x
lock             0x00830000         0x00000400         rw !x
signature        0x00840000         0x00000400         rw !x
user_signatures  0x00850000         0x00000400         rw !x
*default*        0x00000000         0xffffffff

Linker script and memory map

LOAD /usr/lib/gcc/avr/4.8.1/../../../avr/lib/avr5/crtm16.o
LOAD ./cmd.o
LOAD ./eeprom.o
LOAD ./it.o
LOAD ./main.o
LOAD ./usart.o
START GROUP
LOAD /usr/lib/gcc/avr/4.8.1/avr5/libgcc.a
LOAD /usr/lib/gcc/avr/4.8.1/../../../avr/lib/avr5/libm.a
LOAD /usr/lib/gcc/avr/4.8.1/../../../avr/lib/avr5/libc.a
END GROUP

.hash
 *(.hash)

.dynsym
 *(.dynsym)

.dynstr
 *(.dynstr)

.gnu.version
 *(.gnu.version)

.gnu.version_d
 *(.gnu.version_d)

.gnu.version_r
 *(.gnu.version_r)

.rel.init
 *(.rel.init)

.rela.init
 *(.rela.init)

.rel.text
 *(.rel.text)
 *(.rel.text.*)
 *(.rel.gnu.linkonce.t*)

.rela.text
 *(.rela.text)
 *(.rela.text.*)
 *(.rela.gnu.linkonce.t*)

.rel.fini
 *(.rel.fini)

.rela.fini
 *(.rela.fini)

.rel.rodata
 *(.rel.rodata)
 *(.rel.rodata.*)
 *(.rel.gnu.linkonce.r*)

.rela.rodata
 *(.rela.rodata)
 *(.rela.rodata.*)
 *(.rela.gnu.linkonce.r*)

.rel.data
 *(.rel.data)
 *(.rel.data.*)
 *(.rel.gnu.linkonce.d*)

.rela.data
 *(.rela.data)
 *(.rela.data.*)
 *(.rela.gnu.linkonce.d*)

.rel.ctors
 *(.rel.ctors)

.rela.ctors
 *(.rela.ctors)

.rel.dtors
 *(.rel.dtors)

.rela.dtors
 *(.rela.dtors)

.rel.got
 *(.rel.got)

.rela.got
 *(.rela.got)

.rel.bss
 *(.rel.bss)

.rela.bss
 *(.rela.bss)

.rel.plt
 *(.rel.plt)

.rela.plt
 *(.rela.plt)

.text           0x00000000     0x1e34
 *(.vectors)
 .vectors       0x00000000       0x54 /usr/lib/gcc/avr/4.8.1/../../../avr/lib/avr5/crtm16.o
                0x00000000                __vectors
                0x00000000                __vector_default
 *(.vectors)
 *(.progmem.gcc*)
                0x00000054                . = ALIGN (0x2)
                0x00000054                __trampolines_start = .
 *(.trampolines)
 .trampolines   0x00000054        0x0 linker stubs
 *(.trampolines*)
                0x00000054                __trampolines_end = .
 *(.progmem*)
 .progmem.data  0x00000054        0xc /usr/lib/gcc/avr/4.8.1/../../../avr/lib/avr5/libc.a(vfscanf_std.o)
                0x00000060                . = ALIGN (0x2)
 *(.jumptables)
 *(.jumptables*)
 *(.lowtext)
 *(.lowtext*)
                0x00000060                __ctors_start = .
 *(.ctors)
                0x00000060                __ctors_end = .
                0x00000060                __dtors_start = .
 *(.dtors)
                0x00000060                __dtors_end = .
 SORT(*)(.ctors)
 SORT(*)(.dtors)
 *(.init0)
 .init0         0x00000060        0x0 /usr/lib/gcc/avr/4.8.1/../../../avr/lib/avr5/crtm16.o
                0x00000060                __init
 *(.init0)
 *(.init1)
 *(.init1)
 *(.init2)
 .init2         0x00000060        0xc /usr/lib/gcc/avr/4.8.1/../../../avr/lib/avr5/crtm16.o
 *(.init2)
 *(.init3)
 *(.init3)
 *(.init4)
 .init4         0x0000006c       0x16 /usr/lib/gcc/avr/4.8.1/avr5/libgcc.a(_copy_data.o)
                0x0000006c                __do_copy_data
 .init4         0x00000082       0x10 /usr/lib/gcc/avr/4.8.1/avr5/libgcc.a(_clear_bss.o)
                0x00000082                __do_clear_bss
 *(.init4)
 *(.init5)
 *(.init5)
 *(.init6)
 *(.init6)
 *(.init7)
 *(.init7)
 *(.init8)
 *(.init8)
 *(.init9)
 .init9         0x00000092        0x8 /usr/lib/gcc/avr/4.8.1/../../../avr/lib/avr5/crtm16.o
 *(.init9)
 *(.text)
 .text          0x0000009a        0x4 /usr/lib/gcc/avr/4.8.1/../../../avr/lib/avr5/crtm16.o
                0x0000009a                __vector_1
                0x0000009a                __vector_12
                0x0000009a                __bad_interrupt
                0x0000009a                __vector_6
                0x0000009a                __vector_3
                0x0000009a                __vector_13
                0x0000009a                __vector_17
                0x0000009a                __vector_19
                0x0000009a                __vector_7
                0x0000009a                __vector_5
                0x0000009a                __vector_2
                0x0000009a                __vector_15
                0x0000009a                __vector_8
                0x0000009a                __vector_14
                0x0000009a                __vector_10
                0x0000009a                __vector_16
                0x0000009a                __vector_18
                0x0000009a                __vector_20
 .text          0x0000009e        0x0 ./cmd.o
 .text          0x0000009e        0x0 ./eeprom.o
 .text          0x0000009e        0x0 ./it.o
 .text          0x0000009e        0x0 ./main.o
 .text          0x0000009e        0x0 ./usart.o
 .text          0x0000009e        0x0 /usr/lib/gcc/avr/4.8.1/avr5/libgcc.a(_exit.o)
 .text          0x0000009e        0x0 /usr/lib/gcc/avr/4.8.1/avr5/libgcc.a(_copy_data.o)
 .text          0x0000009e        0x0 /usr/lib/gcc/avr/4.8.1/avr5/libgcc.a(_clear_bss.o)
 .text          0x0000009e        0x0 /usr/lib/gcc/avr/4.8.1/../../../avr/lib/avr5/libc.a(strlen.o)
 .text          0x0000009e        0x0 /usr/lib/gcc/avr/4.8.1/../../../avr/lib/avr5/libc.a(puts.o)
 .text          0x0000009e        0x0 /usr/lib/gcc/avr/4.8.1/../../../avr/lib/avr5/libc.a(sprintf.o)
 .text          0x0000009e        0x0 /usr/lib/gcc/avr/4.8.1/../../../avr/lib/avr5/libc.a(sscanf.o)
 .text          0x0000009e        0x0 /usr/lib/gcc/avr/4.8.1/../../../avr/lib/avr5/libc.a(vfprintf_std.o)
 .text          0x0000009e        0x0 /usr/lib/gcc/avr/4.8.1/../../../avr/lib/avr5/libc.a(vfscanf_std.o)
 .text          0x0000009e        0x0 /usr/lib/gcc/avr/4.8.1/../../../avr/lib/avr5/libc.a(isspace.o)
 .text          0x0000009e        0x0 /usr/lib/gcc/avr/4.8.1/../../../avr/lib/avr5/libc.a(strchr_P.o)
 .text          0x0000009e        0x0 /usr/lib/gcc/avr/4.8.1/../../../avr/lib/avr5/libc.a(strnlen_P.o)
 .text          0x0000009e        0x0 /usr/lib/gcc/avr/4.8.1/../../../avr/lib/avr5/libc.a(strnlen.o)
 .text          0x0000009e        0x0 /usr/lib/gcc/avr/4.8.1/../../../avr/lib/avr5/libc.a(fgetc.o)
 .text          0x0000009e        0x0 /usr/lib/gcc/avr/4.8.1/../../../avr/lib/avr5/libc.a(fputc.o)
 .text          0x0000009e        0x0 /usr/lib/gcc/avr/4.8.1/../../../avr/lib/avr5/libc.a(iob.o)
 .text          0x0000009e        0x0 /usr/lib/gcc/avr/4.8.1/../../../avr/lib/avr5/libc.a(ungetc.o)
 .text          0x0000009e        0x0 /usr/lib/gcc/avr/4.8.1/../../../avr/lib/avr5/libc.a(ultoa_invert.o)
 .text          0x0000009e        0x0 /usr/lib/gcc/avr/4.8.1/../../../avr/lib/avr5/libc.a(cty_isfalse.o)
 .text          0x0000009e        0x0 /usr/lib/gcc/avr/4.8.1/avr5/libgcc.a(_prologue.o)
 .text          0x0000009e        0x0 /usr/lib/gcc/avr/4.8.1/avr5/libgcc.a(_epilogue.o)
                0x0000009e                . = ALIGN (0x2)
 *(.text.*)
 .text.runCmd   0x0000009e      0x78e ./cmd.o
                0x0000009e                runCmd
 .text.writeEEPROM
                0x0000082c       0x70 ./eeprom.o
                0x0000082c                writeEEPROM
 .text.readEEPROM
                0x0000089c       0x56 ./eeprom.o
                0x0000089c                readEEPROM
 .text.setDuty  0x000008f2      0x162 ./eeprom.o
                0x000008f2                setDuty
 .text.__vector_9
                0x00000a54      0x1c8 ./it.o
                0x00000a54                __vector_9
 .text.__vector_4
                0x00000c1c      0x1e6 ./it.o
                0x00000c1c                __vector_4
 .text.__vector_11
                0x00000e02      0x140 ./it.o
                0x00000e02                __vector_11
 .text.initUSART
                0x00000f42       0x34 ./it.o
                0x00000f42                initUSART
 .text.initTimer0
                0x00000f76       0x32 ./it.o
                0x00000f76                initTimer0
 .text.initTimer2
                0x00000fa8       0x32 ./it.o
                0x00000fa8                initTimer2
 .text.main     0x00000fda      0x13e ./main.o
                0x00000fda                main
 .text.sendUSART
                0x00001118       0x34 ./usart.o
                0x00001118                sendUSART
 .text.receiveUSART
                0x0000114c       0x24 ./usart.o
                0x0000114c                receiveUSART
 .text.print    0x00001170       0x3c ./usart.o
                0x00001170                print
 .text.libgcc.mul
                0x000011ac        0x0 /usr/lib/gcc/avr/4.8.1/avr5/libgcc.a(_exit.o)
 .text.libgcc.div
                0x000011ac        0x0 /usr/lib/gcc/avr/4.8.1/avr5/libgcc.a(_exit.o)
 .text.libgcc   0x000011ac        0x0 /usr/lib/gcc/avr/4.8.1/avr5/libgcc.a(_exit.o)
 .text.libgcc.prologue
                0x000011ac        0x0 /usr/lib/gcc/avr/4.8.1/avr5/libgcc.a(_exit.o)
 .text.libgcc.builtins
                0x000011ac        0x0 /usr/lib/gcc/avr/4.8.1/avr5/libgcc.a(_exit.o)
 .text.libgcc.fmul
                0x000011ac        0x0 /usr/lib/gcc/avr/4.8.1/avr5/libgcc.a(_exit.o)
 .text.libgcc.fixed
                0x000011ac        0x0 /usr/lib/gcc/avr/4.8.1/avr5/libgcc.a(_exit.o)
 .text.libgcc.mul
                0x000011ac        0x0 /usr/lib/gcc/avr/4.8.1/avr5/libgcc.a(_copy_data.o)
 .text.libgcc.div
                0x000011ac        0x0 /usr/lib/gcc/avr/4.8.1/avr5/libgcc.a(_copy_data.o)
 .text.libgcc   0x000011ac        0x0 /usr/lib/gcc/avr/4.8.1/avr5/libgcc.a(_copy_data.o)
 .text.libgcc.prologue
                0x000011ac        0x0 /usr/lib/gcc/avr/4.8.1/avr5/libgcc.a(_copy_data.o)
 .text.libgcc.builtins
                0x000011ac        0x0 /usr/lib/gcc/avr/4.8.1/avr5/libgcc.a(_copy_data.o)
 .text.libgcc.fmul
                0x000011ac        0x0 /usr/lib/gcc/avr/4.8.1/avr5/libgcc.a(_copy_data.o)
 .text.libgcc.fixed
                0x000011ac        0x0 /usr/lib/gcc/avr/4.8.1/avr5/libgcc.a(_copy_data.o)
 .text.libgcc.mul
                0x000011ac        0x0 /usr/lib/gcc/avr/4.8.1/avr5/libgcc.a(_clear_bss.o)
 .text.libgcc.div
                0x000011ac        0x0 /usr/lib/gcc/avr/4.8.1/avr5/libgcc.a(_clear_bss.o)
 .text.libgcc   0x000011ac        0x0 /usr/lib/gcc/avr/4.8.1/avr5/libgcc.a(_clear_bss.o)
 .text.libgcc.prologue
                0x000011ac        0x0 /usr/lib/gcc/avr/4.8.1/avr5/libgcc.a(_clear_bss.o)
 .text.libgcc.builtins
                0x000011ac        0x0 /usr/lib/gcc/avr/4.8.1/avr5/libgcc.a(_clear_bss.o)
 .text.libgcc.fmul
                0x000011ac        0x0 /usr/lib/gcc/avr/4.8.1/avr5/libgcc.a(_clear_bss.o)
 .text.libgcc.fixed
                0x000011ac        0x0 /usr/lib/gcc/avr/4.8.1/avr5/libgcc.a(_clear_bss.o)
 .text.avr-libc
                0x000011ac       0x12 /usr/lib/gcc/avr/4.8.1/../../../avr/lib/avr5/libc.a(strlen.o)
                0x000011ac                strlen
 .text.avr-libc
                0x000011be       0x5a /usr/lib/gcc/avr/4.8.1/../../../avr/lib/avr5/libc.a(puts.o)
                0x000011be                puts
 .text.avr-libc
                0x00001218       0x44 /usr/lib/gcc/avr/4.8.1/../../../avr/lib/avr5/libc.a(sprintf.o)
                0x00001218                sprintf
 .text.avr-libc
                0x0000125c       0x32 /usr/lib/gcc/avr/4.8.1/../../../avr/lib/avr5/libc.a(sscanf.o)
                0x0000125c                sscanf
 .text.avr-libc
                0x0000128e      0x3a4 /usr/lib/gcc/avr/4.8.1/../../../avr/lib/avr5/libc.a(vfprintf_std.o)
                0x0000128e                vfprintf
 .text.avr-libc
                0x00001632      0x56a /usr/lib/gcc/avr/4.8.1/../../../avr/lib/avr5/libc.a(vfscanf_std.o)
                0x0000192e                vfscanf
 .text.avr-libc
                0x00001b9c       0x10 /usr/lib/gcc/avr/4.8.1/../../../avr/lib/avr5/libc.a(isspace.o)
                0x00001b9c                isspace
 .text.avr-libc
                0x00001bac       0x16 /usr/lib/gcc/avr/4.8.1/../../../avr/lib/avr5/libc.a(strchr_P.o)
                0x00001bac                strchr_P
 .text.avr-libc
                0x00001bc2       0x16 /usr/lib/gcc/avr/4.8.1/../../../avr/lib/avr5/libc.a(strnlen_P.o)
                0x00001bc2                strnlen_P
 .text.avr-libc
                0x00001bd8       0x16 /usr/lib/gcc/avr/4.8.1/../../../avr/lib/avr5/libc.a(strnlen.o)
                0x00001bd8                strnlen
 .text.avr-libc
                0x00001bee       0x7c /usr/lib/gcc/avr/4.8.1/../../../avr/lib/avr5/libc.a(fgetc.o)
                0x00001bee                fgetc
 .text.avr-libc
                0x00001c6a       0x64 /usr/lib/gcc/avr/4.8.1/../../../avr/lib/avr5/libc.a(fputc.o)
                0x00001c6a                fputc
 .text.avr-libc
                0x00001cce       0x32 /usr/lib/gcc/avr/4.8.1/../../../avr/lib/avr5/libc.a(ungetc.o)
                0x00001cce                ungetc
 .text.avr-libc
                0x00001d00       0xbc /usr/lib/gcc/avr/4.8.1/../../../avr/lib/avr5/libc.a(ultoa_invert.o)
                0x00001d00                __ultoa_invert
 .text.avr-libc
                0x00001dbc        0x6 /usr/lib/gcc/avr/4.8.1/../../../avr/lib/avr5/libc.a(cty_isfalse.o)
                0x00001dbc                __ctype_isfalse
                0x00001dc0                __ctype_istrue
 .text.libgcc.mul
                0x00001dc2        0x0 /usr/lib/gcc/avr/4.8.1/avr5/libgcc.a(_prologue.o)
 .text.libgcc.div
                0x00001dc2        0x0 /usr/lib/gcc/avr/4.8.1/avr5/libgcc.a(_prologue.o)
 .text.libgcc   0x00001dc2        0x0 /usr/lib/gcc/avr/4.8.1/avr5/libgcc.a(_prologue.o)
 .text.libgcc.prologue
                0x00001dc2       0x38 /usr/lib/gcc/avr/4.8.1/avr5/libgcc.a(_prologue.o)
                0x00001dc2                __prologue_saves__
 .text.libgcc.builtins
                0x00001dfa        0x0 /usr/lib/gcc/avr/4.8.1/avr5/libgcc.a(_prologue.o)
 .text.libgcc.fmul
                0x00001dfa        0x0 /usr/lib/gcc/avr/4.8.1/avr5/libgcc.a(_prologue.o)
 .text.libgcc.fixed
                0x00001dfa        0x0 /usr/lib/gcc/avr/4.8.1/avr5/libgcc.a(_prologue.o)
 .text.libgcc.mul
                0x00001dfa        0x0 /usr/lib/gcc/avr/4.8.1/avr5/libgcc.a(_epilogue.o)
 .text.libgcc.div
                0x00001dfa        0x0 /usr/lib/gcc/avr/4.8.1/avr5/libgcc.a(_epilogue.o)
 .text.libgcc   0x00001dfa        0x0 /usr/lib/gcc/avr/4.8.1/avr5/libgcc.a(_epilogue.o)
 .text.libgcc.prologue
                0x00001dfa       0x36 /usr/lib/gcc/avr/4.8.1/avr5/libgcc.a(_epilogue.o)
                0x00001dfa                __epilogue_restores__
 .text.libgcc.builtins
                0x00001e30        0x0 /usr/lib/gcc/avr/4.8.1/avr5/libgcc.a(_epilogue.o)
 .text.libgcc.fmul
                0x00001e30        0x0 /usr/lib/gcc/avr/4.8.1/avr5/libgcc.a(_epilogue.o)
 .text.libgcc.fixed
                0x00001e30        0x0 /usr/lib/gcc/avr/4.8.1/avr5/libgcc.a(_epilogue.o)
                0x00001e30                . = ALIGN (0x2)
 *(.fini9)
 .fini9         0x00001e30        0x0 /usr/lib/gcc/avr/4.8.1/avr5/libgcc.a(_exit.o)
                0x00001e30                exit
                0x00001e30                _exit
 *(.fini9)
 *(.fini8)
 *(.fini8)
 *(.fini7)
 *(.fini7)
 *(.fini6)
 *(.fini6)
 *(.fini5)
 *(.fini5)
 *(.fini4)
 *(.fini4)
 *(.fini3)
 *(.fini3)
 *(.fini2)
 *(.fini2)
 *(.fini1)
 *(.fini1)
 *(.fini0)
 .fini0         0x00001e30        0x4 /usr/lib/gcc/avr/4.8.1/avr5/libgcc.a(_exit.o)
 *(.fini0)
                0x00001e34                _etext = .

.data           0x00800060       0xa0 load address 0x00001e34
                0x00800060                PROVIDE (__data_start, .)
 *(.data)
 .data          0x00800060        0x0 /usr/lib/gcc/avr/4.8.1/../../../avr/lib/avr5/crtm16.o
 .data          0x00800060        0x0 ./cmd.o
 .data          0x00800060        0x0 ./eeprom.o
 .data          0x00800060        0x0 ./it.o
 .data          0x00800060        0x0 ./main.o
 .data          0x00800060        0x0 ./usart.o
 .data          0x00800060        0x0 /usr/lib/gcc/avr/4.8.1/avr5/libgcc.a(_exit.o)
 .data          0x00800060        0x0 /usr/lib/gcc/avr/4.8.1/avr5/libgcc.a(_copy_data.o)
 .data          0x00800060        0x0 /usr/lib/gcc/avr/4.8.1/avr5/libgcc.a(_clear_bss.o)
 .data          0x00800060        0x0 /usr/lib/gcc/avr/4.8.1/../../../avr/lib/avr5/libc.a(strlen.o)
 .data          0x00800060        0x0 /usr/lib/gcc/avr/4.8.1/../../../avr/lib/avr5/libc.a(puts.o)
 .data          0x00800060        0x0 /usr/lib/gcc/avr/4.8.1/../../../avr/lib/avr5/libc.a(sprintf.o)
 .data          0x00800060        0x0 /usr/lib/gcc/avr/4.8.1/../../../avr/lib/avr5/libc.a(sscanf.o)
 .data          0x00800060        0x0 /usr/lib/gcc/avr/4.8.1/../../../avr/lib/avr5/libc.a(vfprintf_std.o)
 .data          0x00800060        0x0 /usr/lib/gcc/avr/4.8.1/../../../avr/lib/avr5/libc.a(vfscanf_std.o)
 .data          0x00800060        0x0 /usr/lib/gcc/avr/4.8.1/../../../avr/lib/avr5/libc.a(isspace.o)
 .data          0x00800060        0x0 /usr/lib/gcc/avr/4.8.1/../../../avr/lib/avr5/libc.a(strchr_P.o)
 .data          0x00800060        0x0 /usr/lib/gcc/avr/4.8.1/../../../avr/lib/avr5/libc.a(strnlen_P.o)
 .data          0x00800060        0x0 /usr/lib/gcc/avr/4.8.1/../../../avr/lib/avr5/libc.a(strnlen.o)
 .data          0x00800060        0x0 /usr/lib/gcc/avr/4.8.1/../../../avr/lib/avr5/libc.a(fgetc.o)
 .data          0x00800060        0x0 /usr/lib/gcc/avr/4.8.1/../../../avr/lib/avr5/libc.a(fputc.o)
 .data          0x00800060        0x0 /usr/lib/gcc/avr/4.8.1/../../../avr/lib/avr5/libc.a(iob.o)
 .data          0x00800060        0x0 /usr/lib/gcc/avr/4.8.1/../../../avr/lib/avr5/libc.a(ungetc.o)
 .data          0x00800060        0x0 /usr/lib/gcc/avr/4.8.1/../../../avr/lib/avr5/libc.a(ultoa_invert.o)
 .data          0x00800060        0x0 /usr/lib/gcc/avr/4.8.1/../../../avr/lib/avr5/libc.a(cty_isfalse.o)
 .data          0x00800060        0x0 /usr/lib/gcc/avr/4.8.1/avr5/libgcc.a(_prologue.o)
 .data          0x00800060        0x0 /usr/lib/gcc/avr/4.8.1/avr5/libgcc.a(_epilogue.o)
 *(.data*)
 .data.p.1492   0x00800060        0x2 ./it.o
 *(.rodata)
 .rodata        0x00800062       0x79 ./cmd.o
 .rodata        0x008000db       0x24 ./it.o
 *(.rodata*)
 *(.gnu.linkonce.d*)
                0x00800100                . = ALIGN (0x2)
 *fill*         0x008000ff        0x1 
                0x00800100                _edata = .
                0x00800100                PROVIDE (__data_end, .)

.bss            0x00800100      0x139
                0x00800100                PROVIDE (__bss_start, .)
 *(.bss)
 .bss           0x00800100        0x0 /usr/lib/gcc/avr/4.8.1/../../../avr/lib/avr5/crtm16.o
 .bss           0x00800100        0x0 ./cmd.o
 .bss           0x00800100        0x0 ./eeprom.o
 .bss           0x00800100        0x0 ./it.o
 .bss           0x00800100        0x0 ./main.o
 .bss           0x00800100        0x0 ./usart.o
 .bss           0x00800100        0x0 /usr/lib/gcc/avr/4.8.1/avr5/libgcc.a(_exit.o)
 .bss           0x00800100        0x0 /usr/lib/gcc/avr/4.8.1/avr5/libgcc.a(_copy_data.o)
 .bss           0x00800100        0x0 /usr/lib/gcc/avr/4.8.1/avr5/libgcc.a(_clear_bss.o)
 .bss           0x00800100        0x0 /usr/lib/gcc/avr/4.8.1/../../../avr/lib/avr5/libc.a(strlen.o)
 .bss           0x00800100        0x0 /usr/lib/gcc/avr/4.8.1/../../../avr/lib/avr5/libc.a(puts.o)
 .bss           0x00800100        0x0 /usr/lib/gcc/avr/4.8.1/../../../avr/lib/avr5/libc.a(sprintf.o)
 .bss           0x00800100        0x0 /usr/lib/gcc/avr/4.8.1/../../../avr/lib/avr5/libc.a(sscanf.o)
 .bss           0x00800100        0x0 /usr/lib/gcc/avr/4.8.1/../../../avr/lib/avr5/libc.a(vfprintf_std.o)
 .bss           0x00800100        0x0 /usr/lib/gcc/avr/4.8.1/../../../avr/lib/avr5/libc.a(vfscanf_std.o)
 .bss           0x00800100        0x0 /usr/lib/gcc/avr/4.8.1/../../../avr/lib/avr5/libc.a(isspace.o)
 .bss           0x00800100        0x0 /usr/lib/gcc/avr/4.8.1/../../../avr/lib/avr5/libc.a(strchr_P.o)
 .bss           0x00800100        0x0 /usr/lib/gcc/avr/4.8.1/../../../avr/lib/avr5/libc.a(strnlen_P.o)
 .bss           0x00800100        0x0 /usr/lib/gcc/avr/4.8.1/../../../avr/lib/avr5/libc.a(strnlen.o)
 .bss           0x00800100        0x0 /usr/lib/gcc/avr/4.8.1/../../../avr/lib/avr5/libc.a(fgetc.o)
 .bss           0x00800100        0x0 /usr/lib/gcc/avr/4.8.1/../../../avr/lib/avr5/libc.a(fputc.o)
 .bss           0x00800100        0x0 /usr/lib/gcc/avr/4.8.1/../../../avr/lib/avr5/libc.a(iob.o)
 .bss           0x00800100        0x0 /usr/lib/gcc/avr/4.8.1/../../../avr/lib/avr5/libc.a(ungetc.o)
 .bss           0x00800100        0x0 /usr/lib/gcc/avr/4.8.1/../../../avr/lib/avr5/libc.a(ultoa_invert.o)
 .bss           0x00800100        0x0 /usr/lib/gcc/avr/4.8.1/../../../avr/lib/avr5/libc.a(cty_isfalse.o)
 .bss           0x00800100        0x0 /usr/lib/gcc/avr/4.8.1/avr5/libgcc.a(_prologue.o)
 .bss           0x00800100        0x0 /usr/lib/gcc/avr/4.8.1/avr5/libgcc.a(_epilogue.o)
 *(.bss*)
 .bss.t.1490    0x00800100        0x2 ./it.o
 .bss.seconds.1491
                0x00800102        0x2 ./it.o
 .bss.t.1503    0x00800104        0x2 ./it.o
 .bss.sec.1504  0x00800106        0x1 ./it.o
 *(COMMON)
 COMMON         0x00800107       0x64 ./cmd.o
                0x00800107                buf
 COMMON         0x0080016b       0x44 ./eeprom.o
                0x0080016b                stackTail
                0x0080016d                dutyH
                0x0080018d                dutyL
                0x008001ad                status
 COMMON         0x008001af       0x20 ./it.o
                0x008001af                m
 COMMON         0x008001cf       0x64 ./main.o
                0x008001cf                debugStr
 COMMON         0x00800233        0x6 /usr/lib/gcc/avr/4.8.1/../../../avr/lib/avr5/libc.a(iob.o)
                0x00800233                __iob
                0x00800239                PROVIDE (__bss_end, .)
                0x00001e34                __data_load_start = LOADADDR (.data)
                0x00001ed4                __data_load_end = (__data_load_start + SIZEOF (.data))

.noinit         0x00800239        0x0
                0x00800239                PROVIDE (__noinit_start, .)
 *(.noinit*)
                0x00800239                PROVIDE (__noinit_end, .)
                0x00800239                _end = .
                0x00800239                PROVIDE (__heap_start, .)

.eeprom         0x00810000        0x0
 *(.eeprom*)
                0x00810000                __eeprom_end = .

.fuse
 *(.fuse)
 *(.lfuse)
 *(.hfuse)
 *(.efuse)

.lock
 *(.lock*)

.signature
 *(.signature*)

.user_signatures
 *(.user_signatures*)

.stab           0x00000000     0x1d7c
 *(.stab)
 .stab          0x00000000      0x96c ./cmd.o
 .stab          0x0000096c      0x4bc ./eeprom.o
                                0x684 (size before relaxing)
 .stab          0x00000e28      0x7b0 ./it.o
                                0x978 (size before relaxing)
 .stab          0x000015d8      0x408 ./main.o
                                0x5d0 (size before relaxing)
 .stab          0x000019e0      0x39c ./usart.o
                                0x564 (size before relaxing)

.stabstr        0x00000000      0xfac
 *(.stabstr)
 .stabstr       0x00000000      0xfac ./cmd.o

.stab.excl
 *(.stab.excl)

.stab.exclstr
 *(.stab.exclstr)

.stab.index
 *(.stab.index)

.stab.indexstr
 *(.stab.indexstr)

.comment        0x00000000       0x11
 *(.comment)
 .comment       0x00000000       0x11 ./cmd.o
                                 0x12 (size before relaxing)
 .comment       0x00000000       0x12 ./eeprom.o
 .comment       0x00000000       0x12 ./it.o
 .comment       0x00000000       0x12 ./main.o
 .comment       0x00000000       0x12 ./usart.o
 .comment       0x00000000       0x12 /usr/lib/gcc/avr/4.8.1/../../../avr/lib/avr5/libc.a(puts.o)
 .comment       0x00000000       0x12 /usr/lib/gcc/avr/4.8.1/../../../avr/lib/avr5/libc.a(sprintf.o)
 .comment       0x00000000       0x12 /usr/lib/gcc/avr/4.8.1/../../../avr/lib/avr5/libc.a(sscanf.o)
 .comment       0x00000000       0x12 /usr/lib/gcc/avr/4.8.1/../../../avr/lib/avr5/libc.a(vfprintf_std.o)
 .comment       0x00000000       0x12 /usr/lib/gcc/avr/4.8.1/../../../avr/lib/avr5/libc.a(vfscanf_std.o)
 .comment       0x00000000       0x12 /usr/lib/gcc/avr/4.8.1/../../../avr/lib/avr5/libc.a(fgetc.o)
 .comment       0x00000000       0x12 /usr/lib/gcc/avr/4.8.1/../../../avr/lib/avr5/libc.a(fputc.o)
 .comment       0x00000000       0x12 /usr/lib/gcc/avr/4.8.1/../../../avr/lib/avr5/libc.a(iob.o)
 .comment       0x00000000       0x12 /usr/lib/gcc/avr/4.8.1/../../../avr/lib/avr5/libc.a(ungetc.o)

.note.gnu.build-id
 *(.note.gnu.build-id)

.debug
 *(.debug)

.line
 *(.line)

.debug_srcinfo
 *(.debug_srcinfo)

.debug_sfnames
 *(.debug_sfnames)

.debug_aranges
 *(.debug_aranges)

.debug_pubnames
 *(.debug_pubnames)

.debug_info
 *(.debug_info .gnu.linkonce.wi.*)

.debug_abbrev
 *(.debug_abbrev)

.debug_line
 *(.debug_line .debug_line.* .debug_line_end)

.debug_frame
 *(.debug_frame)

.debug_str
 *(.debug_str)

.debug_loc
 *(.debug_loc)

.debug_macinfo
 *(.debug_macinfo)

.debug_weaknames
 *(.debug_weaknames)

.debug_funcnames
 *(.debug_funcnames)

.debug_typenames
 *(.debug_typenames)

.debug_varnames
 *(.debug_varnames)

.debug_pubtypes
 *(.debug_pubtypes)

.debug_ranges
 *(.debug_ranges)

.debug_macro
 *(.debug_macro)
OUTPUT(SerialSwitch.elf elf32-avr)
LOAD linker stubs
