Archive member included because of file (symbol)

/usr/lib/gcc/avr/4.8.1/avr5/libgcc.a(_exit.o)
                              /usr/lib/gcc/avr/4.8.1/../../../avr/lib/avr5/crtm16.o (exit)
/usr/lib/gcc/avr/4.8.1/avr5/libgcc.a(_tablejump.o)
                              ./cmd.o (__tablejump2__)
/usr/lib/gcc/avr/4.8.1/avr5/libgcc.a(_copy_data.o)
                              ./cmd.o (__do_copy_data)
/usr/lib/gcc/avr/4.8.1/avr5/libgcc.a(_clear_bss.o)
                              ./cmd.o (__do_clear_bss)
/usr/lib/gcc/avr/4.8.1/../../../avr/lib/avr5/libc.a(iob.o)
                              ./usart.o (__iob)
/usr/lib/gcc/avr/4.8.1/../../../avr/lib/avr5/libc.a(printf.o)
                              ./cmd.o (printf)
/usr/lib/gcc/avr/4.8.1/../../../avr/lib/avr5/libc.a(putchar.o)
                              ./it.o (putchar)
/usr/lib/gcc/avr/4.8.1/../../../avr/lib/avr5/libc.a(puts.o)
                              ./cmd.o (puts)
/usr/lib/gcc/avr/4.8.1/../../../avr/lib/avr5/libc.a(sprintf.o)
                              ./cmd.o (sprintf)
/usr/lib/gcc/avr/4.8.1/../../../avr/lib/avr5/libc.a(sscanf.o)
                              ./cmd.o (sscanf)
/usr/lib/gcc/avr/4.8.1/../../../avr/lib/avr5/libc.a(vfprintf_std.o)
                              /usr/lib/gcc/avr/4.8.1/../../../avr/lib/avr5/libc.a(printf.o) (vfprintf)
/usr/lib/gcc/avr/4.8.1/../../../avr/lib/avr5/libc.a(vfscanf_std.o)
                              /usr/lib/gcc/avr/4.8.1/../../../avr/lib/avr5/libc.a(sscanf.o) (vfscanf)
/usr/lib/gcc/avr/4.8.1/../../../avr/lib/avr5/libc.a(isspace.o)
                              /usr/lib/gcc/avr/4.8.1/../../../avr/lib/avr5/libc.a(vfscanf_std.o) (isspace)
/usr/lib/gcc/avr/4.8.1/../../../avr/lib/avr5/libc.a(strchr_P.o)
                              /usr/lib/gcc/avr/4.8.1/../../../avr/lib/avr5/libc.a(vfscanf_std.o) (strchr_P)
/usr/lib/gcc/avr/4.8.1/../../../avr/lib/avr5/libc.a(strnlen_P.o)
                              /usr/lib/gcc/avr/4.8.1/../../../avr/lib/avr5/libc.a(vfprintf_std.o) (strnlen_P)
/usr/lib/gcc/avr/4.8.1/../../../avr/lib/avr5/libc.a(strnlen.o)
                              /usr/lib/gcc/avr/4.8.1/../../../avr/lib/avr5/libc.a(vfprintf_std.o) (strnlen)
/usr/lib/gcc/avr/4.8.1/../../../avr/lib/avr5/libc.a(fgetc.o)
                              /usr/lib/gcc/avr/4.8.1/../../../avr/lib/avr5/libc.a(vfscanf_std.o) (fgetc)
/usr/lib/gcc/avr/4.8.1/../../../avr/lib/avr5/libc.a(fputc.o)
                              /usr/lib/gcc/avr/4.8.1/../../../avr/lib/avr5/libc.a(putchar.o) (fputc)
/usr/lib/gcc/avr/4.8.1/../../../avr/lib/avr5/libc.a(ungetc.o)
                              /usr/lib/gcc/avr/4.8.1/../../../avr/lib/avr5/libc.a(vfscanf_std.o) (ungetc)
/usr/lib/gcc/avr/4.8.1/../../../avr/lib/avr5/libc.a(ultoa_invert.o)
                              /usr/lib/gcc/avr/4.8.1/../../../avr/lib/avr5/libc.a(vfprintf_std.o) (__ultoa_invert)
/usr/lib/gcc/avr/4.8.1/../../../avr/lib/avr5/libc.a(cty_isfalse.o)
                              /usr/lib/gcc/avr/4.8.1/../../../avr/lib/avr5/libc.a(isspace.o) (__ctype_isfalse)
/usr/lib/gcc/avr/4.8.1/avr5/libgcc.a(_prologue.o)
                              /usr/lib/gcc/avr/4.8.1/../../../avr/lib/avr5/libc.a(printf.o) (__prologue_saves__)
/usr/lib/gcc/avr/4.8.1/avr5/libgcc.a(_epilogue.o)
                              /usr/lib/gcc/avr/4.8.1/../../../avr/lib/avr5/libc.a(printf.o) (__epilogue_restores__)

Allocating common symbols
Common symbol       size              file

stackTail           0x2               ./eeprom.o
dutyH               0x20              ./eeprom.o
dutyL               0x20              ./eeprom.o
buf                 0x64              ./cmd.o
m                   0x20              ./it.o
__iob               0x6               /usr/lib/gcc/avr/4.8.1/../../../avr/lib/avr5/libc.a(iob.o)
status              0x2               ./eeprom.o

Memory Configuration

Name             Origin             Length             Attributes
text             0x0000000000000000 0x0000000000020000 xr
data             0x0000000000800060 0x000000000000ffa0 rw !x
eeprom           0x0000000000810000 0x0000000000010000 rw !x
fuse             0x0000000000820000 0x0000000000000400 rw !x
lock             0x0000000000830000 0x0000000000000400 rw !x
signature        0x0000000000840000 0x0000000000000400 rw !x
user_signatures  0x0000000000850000 0x0000000000000400 rw !x
*default*        0x0000000000000000 0xffffffffffffffff

Linker script and memory map

LOAD /usr/lib/gcc/avr/4.8.1/../../../avr/lib/avr5/crtm16.o
LOAD ./cmd.o
LOAD ./eeprom.o
LOAD ./it.o
LOAD ./main.o
LOAD ./timer.o
LOAD ./usart.o
START GROUP
LOAD /usr/lib/gcc/avr/4.8.1/avr5/libgcc.a
LOAD /usr/lib/gcc/avr/4.8.1/../../../avr/lib/avr5/libm.a
LOAD /usr/lib/gcc/avr/4.8.1/../../../avr/lib/avr5/libc.a
END GROUP

.hash
 *(.hash)

.dynsym
 *(.dynsym)

.dynstr
 *(.dynstr)

.gnu.version
 *(.gnu.version)

.gnu.version_d
 *(.gnu.version_d)

.gnu.version_r
 *(.gnu.version_r)

.rel.init
 *(.rel.init)

.rela.init
 *(.rela.init)

.rel.text
 *(.rel.text)
 *(.rel.text.*)
 *(.rel.gnu.linkonce.t*)

.rela.text
 *(.rela.text)
 *(.rela.text.*)
 *(.rela.gnu.linkonce.t*)

.rel.fini
 *(.rel.fini)

.rela.fini
 *(.rela.fini)

.rel.rodata
 *(.rel.rodata)
 *(.rel.rodata.*)
 *(.rel.gnu.linkonce.r*)

.rela.rodata
 *(.rela.rodata)
 *(.rela.rodata.*)
 *(.rela.gnu.linkonce.r*)

.rel.data
 *(.rel.data)
 *(.rel.data.*)
 *(.rel.gnu.linkonce.d*)

.rela.data
 *(.rela.data)
 *(.rela.data.*)
 *(.rela.gnu.linkonce.d*)

.rel.ctors
 *(.rel.ctors)

.rela.ctors
 *(.rela.ctors)

.rel.dtors
 *(.rel.dtors)

.rela.dtors
 *(.rela.dtors)

.rel.got
 *(.rel.got)

.rela.got
 *(.rela.got)

.rel.bss
 *(.rel.bss)

.rela.bss
 *(.rela.bss)

.rel.plt
 *(.rel.plt)

.rela.plt
 *(.rela.plt)

.text           0x0000000000000000     0x186e
 *(.vectors)
 .vectors       0x0000000000000000       0x54 /usr/lib/gcc/avr/4.8.1/../../../avr/lib/avr5/crtm16.o
                0x0000000000000000                __vectors
                0x0000000000000000                __vector_default
 *(.vectors)
 *(.progmem.gcc*)
 .progmem.gcc_sw_table.runCmd
                0x0000000000000054       0x2a ./cmd.o
                0x000000000000007e                . = ALIGN (0x2)
                0x000000000000007e                __trampolines_start = .
 *(.trampolines)
 .trampolines   0x000000000000007e        0x0 linker stubs
 *(.trampolines*)
                0x000000000000007e                __trampolines_end = .
 *(.progmem*)
 .progmem.data  0x000000000000007e        0xc /usr/lib/gcc/avr/4.8.1/../../../avr/lib/avr5/libc.a(vfscanf_std.o)
                0x000000000000008a                . = ALIGN (0x2)
 *(.jumptables)
 *(.jumptables*)
 *(.lowtext)
 *(.lowtext*)
                0x000000000000008a                __ctors_start = .
 *(.ctors)
                0x000000000000008a                __ctors_end = .
                0x000000000000008a                __dtors_start = .
 *(.dtors)
                0x000000000000008a                __dtors_end = .
 SORT(*)(.ctors)
 SORT(*)(.dtors)
 *(.init0)
 .init0         0x000000000000008a        0x0 /usr/lib/gcc/avr/4.8.1/../../../avr/lib/avr5/crtm16.o
                0x000000000000008a                __init
 *(.init0)
 *(.init1)
 *(.init1)
 *(.init2)
 .init2         0x000000000000008a        0xc /usr/lib/gcc/avr/4.8.1/../../../avr/lib/avr5/crtm16.o
 *(.init2)
 *(.init3)
 *(.init3)
 *(.init4)
 .init4         0x0000000000000096       0x16 /usr/lib/gcc/avr/4.8.1/avr5/libgcc.a(_copy_data.o)
                0x0000000000000096                __do_copy_data
 .init4         0x00000000000000ac       0x10 /usr/lib/gcc/avr/4.8.1/avr5/libgcc.a(_clear_bss.o)
                0x00000000000000ac                __do_clear_bss
 *(.init4)
 *(.init5)
 *(.init5)
 *(.init6)
 *(.init6)
 *(.init7)
 *(.init7)
 *(.init8)
 *(.init8)
 *(.init9)
 .init9         0x00000000000000bc        0x8 /usr/lib/gcc/avr/4.8.1/../../../avr/lib/avr5/crtm16.o
 *(.init9)
 *(.text)
 .text          0x00000000000000c4        0x4 /usr/lib/gcc/avr/4.8.1/../../../avr/lib/avr5/crtm16.o
                0x00000000000000c4                __vector_1
                0x00000000000000c4                __vector_12
                0x00000000000000c4                __bad_interrupt
                0x00000000000000c4                __vector_6
                0x00000000000000c4                __vector_3
                0x00000000000000c4                __vector_13
                0x00000000000000c4                __vector_17
                0x00000000000000c4                __vector_19
                0x00000000000000c4                __vector_7
                0x00000000000000c4                __vector_5
                0x00000000000000c4                __vector_2
                0x00000000000000c4                __vector_15
                0x00000000000000c4                __vector_8
                0x00000000000000c4                __vector_14
                0x00000000000000c4                __vector_10
                0x00000000000000c4                __vector_16
                0x00000000000000c4                __vector_18
                0x00000000000000c4                __vector_20
 .text          0x00000000000000c8        0x0 ./cmd.o
 .text          0x00000000000000c8        0x0 ./eeprom.o
 .text          0x00000000000000c8        0x0 ./it.o
 .text          0x00000000000000c8        0x0 ./main.o
 .text          0x00000000000000c8        0x0 ./timer.o
 .text          0x00000000000000c8        0x0 ./usart.o
 .text          0x00000000000000c8        0x0 /usr/lib/gcc/avr/4.8.1/avr5/libgcc.a(_exit.o)
 .text          0x00000000000000c8        0x0 /usr/lib/gcc/avr/4.8.1/avr5/libgcc.a(_tablejump.o)
 .text          0x00000000000000c8        0x0 /usr/lib/gcc/avr/4.8.1/avr5/libgcc.a(_copy_data.o)
 .text          0x00000000000000c8        0x0 /usr/lib/gcc/avr/4.8.1/avr5/libgcc.a(_clear_bss.o)
 .text          0x00000000000000c8        0x0 /usr/lib/gcc/avr/4.8.1/../../../avr/lib/avr5/libc.a(iob.o)
 .text          0x00000000000000c8        0x0 /usr/lib/gcc/avr/4.8.1/../../../avr/lib/avr5/libc.a(printf.o)
 .text          0x00000000000000c8        0x0 /usr/lib/gcc/avr/4.8.1/../../../avr/lib/avr5/libc.a(putchar.o)
 .text          0x00000000000000c8        0x0 /usr/lib/gcc/avr/4.8.1/../../../avr/lib/avr5/libc.a(puts.o)
 .text          0x00000000000000c8        0x0 /usr/lib/gcc/avr/4.8.1/../../../avr/lib/avr5/libc.a(sprintf.o)
 .text          0x00000000000000c8        0x0 /usr/lib/gcc/avr/4.8.1/../../../avr/lib/avr5/libc.a(sscanf.o)
 .text          0x00000000000000c8        0x0 /usr/lib/gcc/avr/4.8.1/../../../avr/lib/avr5/libc.a(vfprintf_std.o)
 .text          0x00000000000000c8        0x0 /usr/lib/gcc/avr/4.8.1/../../../avr/lib/avr5/libc.a(vfscanf_std.o)
 .text          0x00000000000000c8        0x0 /usr/lib/gcc/avr/4.8.1/../../../avr/lib/avr5/libc.a(isspace.o)
 .text          0x00000000000000c8        0x0 /usr/lib/gcc/avr/4.8.1/../../../avr/lib/avr5/libc.a(strchr_P.o)
 .text          0x00000000000000c8        0x0 /usr/lib/gcc/avr/4.8.1/../../../avr/lib/avr5/libc.a(strnlen_P.o)
 .text          0x00000000000000c8        0x0 /usr/lib/gcc/avr/4.8.1/../../../avr/lib/avr5/libc.a(strnlen.o)
 .text          0x00000000000000c8        0x0 /usr/lib/gcc/avr/4.8.1/../../../avr/lib/avr5/libc.a(fgetc.o)
 .text          0x00000000000000c8        0x0 /usr/lib/gcc/avr/4.8.1/../../../avr/lib/avr5/libc.a(fputc.o)
 .text          0x00000000000000c8        0x0 /usr/lib/gcc/avr/4.8.1/../../../avr/lib/avr5/libc.a(ungetc.o)
 .text          0x00000000000000c8        0x0 /usr/lib/gcc/avr/4.8.1/../../../avr/lib/avr5/libc.a(ultoa_invert.o)
 .text          0x00000000000000c8        0x0 /usr/lib/gcc/avr/4.8.1/../../../avr/lib/avr5/libc.a(cty_isfalse.o)
 .text          0x00000000000000c8        0x0 /usr/lib/gcc/avr/4.8.1/avr5/libgcc.a(_prologue.o)
 .text          0x00000000000000c8        0x0 /usr/lib/gcc/avr/4.8.1/avr5/libgcc.a(_epilogue.o)
                0x00000000000000c8                . = ALIGN (0x2)
 *(.text.*)
 .text.runCmd   0x00000000000000c8      0x4f4 ./cmd.o
                0x00000000000000c8                runCmd
 .text.writeEEPROM
                0x00000000000005bc       0x10 ./eeprom.o
                0x00000000000005bc                writeEEPROM
 .text.readEEPROM
                0x00000000000005cc        0xe ./eeprom.o
                0x00000000000005cc                readEEPROM
 .text.setDuty  0x00000000000005da       0xcc ./eeprom.o
                0x00000000000005da                setDuty
 .text.__vector_9
                0x00000000000006a6      0x1cc ./it.o
                0x00000000000006a6                __vector_9
 .text.__vector_4
                0x0000000000000872      0x12e ./it.o
                0x0000000000000872                __vector_4
 .text.__vector_11
                0x00000000000009a0       0xfa ./it.o
                0x00000000000009a0                __vector_11
 .text.startup.main
                0x0000000000000a9a       0xbc ./main.o
                0x0000000000000a9a                main
 .text.initTimer0
                0x0000000000000b56        0xe ./timer.o
                0x0000000000000b56                initTimer0
 .text.initTimer2
                0x0000000000000b64        0xe ./timer.o
                0x0000000000000b64                initTimer2
 .text.initUSART
                0x0000000000000b72       0x1e ./usart.o
                0x0000000000000b72                initUSART
 .text.sendUSART
                0x0000000000000b90        0xc ./usart.o
                0x0000000000000b90                sendUSART
 .text.myfputc  0x0000000000000b9c        0xe ./usart.o
                0x0000000000000b9c                myfputc
 .text.receiveUSART
                0x0000000000000baa        0xc ./usart.o
                0x0000000000000baa                receiveUSART
 .text.libgcc.mul
                0x0000000000000bb6        0x0 /usr/lib/gcc/avr/4.8.1/avr5/libgcc.a(_exit.o)
 .text.libgcc.div
                0x0000000000000bb6        0x0 /usr/lib/gcc/avr/4.8.1/avr5/libgcc.a(_exit.o)
 .text.libgcc   0x0000000000000bb6        0x0 /usr/lib/gcc/avr/4.8.1/avr5/libgcc.a(_exit.o)
 .text.libgcc.prologue
                0x0000000000000bb6        0x0 /usr/lib/gcc/avr/4.8.1/avr5/libgcc.a(_exit.o)
 .text.libgcc.builtins
                0x0000000000000bb6        0x0 /usr/lib/gcc/avr/4.8.1/avr5/libgcc.a(_exit.o)
 .text.libgcc.fmul
                0x0000000000000bb6        0x0 /usr/lib/gcc/avr/4.8.1/avr5/libgcc.a(_exit.o)
 .text.libgcc.fixed
                0x0000000000000bb6        0x0 /usr/lib/gcc/avr/4.8.1/avr5/libgcc.a(_exit.o)
 .text.libgcc.mul
                0x0000000000000bb6        0x0 /usr/lib/gcc/avr/4.8.1/avr5/libgcc.a(_tablejump.o)
 .text.libgcc.div
                0x0000000000000bb6        0x0 /usr/lib/gcc/avr/4.8.1/avr5/libgcc.a(_tablejump.o)
 .text.libgcc   0x0000000000000bb6        0xc /usr/lib/gcc/avr/4.8.1/avr5/libgcc.a(_tablejump.o)
                0x0000000000000bb6                __tablejump2__
                0x0000000000000bba                __tablejump__
 .text.libgcc.prologue
                0x0000000000000bc2        0x0 /usr/lib/gcc/avr/4.8.1/avr5/libgcc.a(_tablejump.o)
 .text.libgcc.builtins
                0x0000000000000bc2        0x0 /usr/lib/gcc/avr/4.8.1/avr5/libgcc.a(_tablejump.o)
 .text.libgcc.fmul
                0x0000000000000bc2        0x0 /usr/lib/gcc/avr/4.8.1/avr5/libgcc.a(_tablejump.o)
 .text.libgcc.fixed
                0x0000000000000bc2        0x0 /usr/lib/gcc/avr/4.8.1/avr5/libgcc.a(_tablejump.o)
 .text.libgcc.mul
                0x0000000000000bc2        0x0 /usr/lib/gcc/avr/4.8.1/avr5/libgcc.a(_copy_data.o)
 .text.libgcc.div
                0x0000000000000bc2        0x0 /usr/lib/gcc/avr/4.8.1/avr5/libgcc.a(_copy_data.o)
 .text.libgcc   0x0000000000000bc2        0x0 /usr/lib/gcc/avr/4.8.1/avr5/libgcc.a(_copy_data.o)
 .text.libgcc.prologue
                0x0000000000000bc2        0x0 /usr/lib/gcc/avr/4.8.1/avr5/libgcc.a(_copy_data.o)
 .text.libgcc.builtins
                0x0000000000000bc2        0x0 /usr/lib/gcc/avr/4.8.1/avr5/libgcc.a(_copy_data.o)
 .text.libgcc.fmul
                0x0000000000000bc2        0x0 /usr/lib/gcc/avr/4.8.1/avr5/libgcc.a(_copy_data.o)
 .text.libgcc.fixed
                0x0000000000000bc2        0x0 /usr/lib/gcc/avr/4.8.1/avr5/libgcc.a(_copy_data.o)
 .text.libgcc.mul
                0x0000000000000bc2        0x0 /usr/lib/gcc/avr/4.8.1/avr5/libgcc.a(_clear_bss.o)
 .text.libgcc.div
                0x0000000000000bc2        0x0 /usr/lib/gcc/avr/4.8.1/avr5/libgcc.a(_clear_bss.o)
 .text.libgcc   0x0000000000000bc2        0x0 /usr/lib/gcc/avr/4.8.1/avr5/libgcc.a(_clear_bss.o)
 .text.libgcc.prologue
                0x0000000000000bc2        0x0 /usr/lib/gcc/avr/4.8.1/avr5/libgcc.a(_clear_bss.o)
 .text.libgcc.builtins
                0x0000000000000bc2        0x0 /usr/lib/gcc/avr/4.8.1/avr5/libgcc.a(_clear_bss.o)
 .text.libgcc.fmul
                0x0000000000000bc2        0x0 /usr/lib/gcc/avr/4.8.1/avr5/libgcc.a(_clear_bss.o)
 .text.libgcc.fixed
                0x0000000000000bc2        0x0 /usr/lib/gcc/avr/4.8.1/avr5/libgcc.a(_clear_bss.o)
 .text.avr-libc
                0x0000000000000bc2       0x28 /usr/lib/gcc/avr/4.8.1/../../../avr/lib/avr5/libc.a(printf.o)
                0x0000000000000bc2                printf
 .text.avr-libc
                0x0000000000000bea        0xe /usr/lib/gcc/avr/4.8.1/../../../avr/lib/avr5/libc.a(putchar.o)
                0x0000000000000bea                putchar
 .text.avr-libc
                0x0000000000000bf8       0x5a /usr/lib/gcc/avr/4.8.1/../../../avr/lib/avr5/libc.a(puts.o)
                0x0000000000000bf8                puts
 .text.avr-libc
                0x0000000000000c52       0x44 /usr/lib/gcc/avr/4.8.1/../../../avr/lib/avr5/libc.a(sprintf.o)
                0x0000000000000c52                sprintf
 .text.avr-libc
                0x0000000000000c96       0x32 /usr/lib/gcc/avr/4.8.1/../../../avr/lib/avr5/libc.a(sscanf.o)
                0x0000000000000c96                sscanf
 .text.avr-libc
                0x0000000000000cc8      0x3a4 /usr/lib/gcc/avr/4.8.1/../../../avr/lib/avr5/libc.a(vfprintf_std.o)
                0x0000000000000cc8                vfprintf
 .text.avr-libc
                0x000000000000106c      0x56a /usr/lib/gcc/avr/4.8.1/../../../avr/lib/avr5/libc.a(vfscanf_std.o)
                0x0000000000001368                vfscanf
 .text.avr-libc
                0x00000000000015d6       0x10 /usr/lib/gcc/avr/4.8.1/../../../avr/lib/avr5/libc.a(isspace.o)
                0x00000000000015d6                isspace
 .text.avr-libc
                0x00000000000015e6       0x16 /usr/lib/gcc/avr/4.8.1/../../../avr/lib/avr5/libc.a(strchr_P.o)
                0x00000000000015e6                strchr_P
 .text.avr-libc
                0x00000000000015fc       0x16 /usr/lib/gcc/avr/4.8.1/../../../avr/lib/avr5/libc.a(strnlen_P.o)
                0x00000000000015fc                strnlen_P
 .text.avr-libc
                0x0000000000001612       0x16 /usr/lib/gcc/avr/4.8.1/../../../avr/lib/avr5/libc.a(strnlen.o)
                0x0000000000001612                strnlen
 .text.avr-libc
                0x0000000000001628       0x7c /usr/lib/gcc/avr/4.8.1/../../../avr/lib/avr5/libc.a(fgetc.o)
                0x0000000000001628                fgetc
 .text.avr-libc
                0x00000000000016a4       0x64 /usr/lib/gcc/avr/4.8.1/../../../avr/lib/avr5/libc.a(fputc.o)
                0x00000000000016a4                fputc
 .text.avr-libc
                0x0000000000001708       0x32 /usr/lib/gcc/avr/4.8.1/../../../avr/lib/avr5/libc.a(ungetc.o)
                0x0000000000001708                ungetc
 .text.avr-libc
                0x000000000000173a       0xbc /usr/lib/gcc/avr/4.8.1/../../../avr/lib/avr5/libc.a(ultoa_invert.o)
                0x000000000000173a                __ultoa_invert
 .text.avr-libc
                0x00000000000017f6        0x6 /usr/lib/gcc/avr/4.8.1/../../../avr/lib/avr5/libc.a(cty_isfalse.o)
                0x00000000000017f6                __ctype_isfalse
                0x00000000000017fa                __ctype_istrue
 .text.libgcc.mul
                0x00000000000017fc        0x0 /usr/lib/gcc/avr/4.8.1/avr5/libgcc.a(_prologue.o)
 .text.libgcc.div
                0x00000000000017fc        0x0 /usr/lib/gcc/avr/4.8.1/avr5/libgcc.a(_prologue.o)
 .text.libgcc   0x00000000000017fc        0x0 /usr/lib/gcc/avr/4.8.1/avr5/libgcc.a(_prologue.o)
 .text.libgcc.prologue
                0x00000000000017fc       0x38 /usr/lib/gcc/avr/4.8.1/avr5/libgcc.a(_prologue.o)
                0x00000000000017fc                __prologue_saves__
 .text.libgcc.builtins
                0x0000000000001834        0x0 /usr/lib/gcc/avr/4.8.1/avr5/libgcc.a(_prologue.o)
 .text.libgcc.fmul
                0x0000000000001834        0x0 /usr/lib/gcc/avr/4.8.1/avr5/libgcc.a(_prologue.o)
 .text.libgcc.fixed
                0x0000000000001834        0x0 /usr/lib/gcc/avr/4.8.1/avr5/libgcc.a(_prologue.o)
 .text.libgcc.mul
                0x0000000000001834        0x0 /usr/lib/gcc/avr/4.8.1/avr5/libgcc.a(_epilogue.o)
 .text.libgcc.div
                0x0000000000001834        0x0 /usr/lib/gcc/avr/4.8.1/avr5/libgcc.a(_epilogue.o)
 .text.libgcc   0x0000000000001834        0x0 /usr/lib/gcc/avr/4.8.1/avr5/libgcc.a(_epilogue.o)
 .text.libgcc.prologue
                0x0000000000001834       0x36 /usr/lib/gcc/avr/4.8.1/avr5/libgcc.a(_epilogue.o)
                0x0000000000001834                __epilogue_restores__
 .text.libgcc.builtins
                0x000000000000186a        0x0 /usr/lib/gcc/avr/4.8.1/avr5/libgcc.a(_epilogue.o)
 .text.libgcc.fmul
                0x000000000000186a        0x0 /usr/lib/gcc/avr/4.8.1/avr5/libgcc.a(_epilogue.o)
 .text.libgcc.fixed
                0x000000000000186a        0x0 /usr/lib/gcc/avr/4.8.1/avr5/libgcc.a(_epilogue.o)
                0x000000000000186a                . = ALIGN (0x2)
 *(.fini9)
 .fini9         0x000000000000186a        0x0 /usr/lib/gcc/avr/4.8.1/avr5/libgcc.a(_exit.o)
                0x000000000000186a                exit
                0x000000000000186a                _exit
 *(.fini9)
 *(.fini8)
 *(.fini8)
 *(.fini7)
 *(.fini7)
 *(.fini6)
 *(.fini6)
 *(.fini5)
 *(.fini5)
 *(.fini4)
 *(.fini4)
 *(.fini3)
 *(.fini3)
 *(.fini2)
 *(.fini2)
 *(.fini1)
 *(.fini1)
 *(.fini0)
 .fini0         0x000000000000186a        0x4 /usr/lib/gcc/avr/4.8.1/avr5/libgcc.a(_exit.o)
 *(.fini0)
                0x000000000000186e                _etext = .

.data           0x0000000000800060       0xe2 load address 0x000000000000186e
                0x0000000000800060                PROVIDE (__data_start, .)
 *(.data)
 .data          0x0000000000800060        0x0 /usr/lib/gcc/avr/4.8.1/../../../avr/lib/avr5/crtm16.o
 .data          0x0000000000800060        0x0 ./cmd.o
 .data          0x0000000000800060        0x0 ./eeprom.o
 .data          0x0000000000800060        0x0 ./it.o
 .data          0x0000000000800060        0x0 ./main.o
 .data          0x0000000000800060        0x0 ./timer.o
 .data          0x0000000000800060        0x0 ./usart.o
 .data          0x0000000000800060        0x0 /usr/lib/gcc/avr/4.8.1/avr5/libgcc.a(_exit.o)
 .data          0x0000000000800060        0x0 /usr/lib/gcc/avr/4.8.1/avr5/libgcc.a(_tablejump.o)
 .data          0x0000000000800060        0x0 /usr/lib/gcc/avr/4.8.1/avr5/libgcc.a(_copy_data.o)
 .data          0x0000000000800060        0x0 /usr/lib/gcc/avr/4.8.1/avr5/libgcc.a(_clear_bss.o)
 .data          0x0000000000800060        0x0 /usr/lib/gcc/avr/4.8.1/../../../avr/lib/avr5/libc.a(iob.o)
 .data          0x0000000000800060        0x0 /usr/lib/gcc/avr/4.8.1/../../../avr/lib/avr5/libc.a(printf.o)
 .data          0x0000000000800060        0x0 /usr/lib/gcc/avr/4.8.1/../../../avr/lib/avr5/libc.a(putchar.o)
 .data          0x0000000000800060        0x0 /usr/lib/gcc/avr/4.8.1/../../../avr/lib/avr5/libc.a(puts.o)
 .data          0x0000000000800060        0x0 /usr/lib/gcc/avr/4.8.1/../../../avr/lib/avr5/libc.a(sprintf.o)
 .data          0x0000000000800060        0x0 /usr/lib/gcc/avr/4.8.1/../../../avr/lib/avr5/libc.a(sscanf.o)
 .data          0x0000000000800060        0x0 /usr/lib/gcc/avr/4.8.1/../../../avr/lib/avr5/libc.a(vfprintf_std.o)
 .data          0x0000000000800060        0x0 /usr/lib/gcc/avr/4.8.1/../../../avr/lib/avr5/libc.a(vfscanf_std.o)
 .data          0x0000000000800060        0x0 /usr/lib/gcc/avr/4.8.1/../../../avr/lib/avr5/libc.a(isspace.o)
 .data          0x0000000000800060        0x0 /usr/lib/gcc/avr/4.8.1/../../../avr/lib/avr5/libc.a(strchr_P.o)
 .data          0x0000000000800060        0x0 /usr/lib/gcc/avr/4.8.1/../../../avr/lib/avr5/libc.a(strnlen_P.o)
 .data          0x0000000000800060        0x0 /usr/lib/gcc/avr/4.8.1/../../../avr/lib/avr5/libc.a(strnlen.o)
 .data          0x0000000000800060        0x0 /usr/lib/gcc/avr/4.8.1/../../../avr/lib/avr5/libc.a(fgetc.o)
 .data          0x0000000000800060        0x0 /usr/lib/gcc/avr/4.8.1/../../../avr/lib/avr5/libc.a(fputc.o)
 .data          0x0000000000800060        0x0 /usr/lib/gcc/avr/4.8.1/../../../avr/lib/avr5/libc.a(ungetc.o)
 .data          0x0000000000800060        0x0 /usr/lib/gcc/avr/4.8.1/../../../avr/lib/avr5/libc.a(ultoa_invert.o)
 .data          0x0000000000800060        0x0 /usr/lib/gcc/avr/4.8.1/../../../avr/lib/avr5/libc.a(cty_isfalse.o)
 .data          0x0000000000800060        0x0 /usr/lib/gcc/avr/4.8.1/avr5/libgcc.a(_prologue.o)
 .data          0x0000000000800060        0x0 /usr/lib/gcc/avr/4.8.1/avr5/libgcc.a(_epilogue.o)
 *(.data*)
 .data.p.1681   0x0000000000800060        0x2 ./it.o
 .data.mystdout
                0x0000000000800062        0xe ./usart.o
 *(.rodata)
 *(.rodata*)
 .rodata.str1.1
                0x0000000000800070       0x8e ./cmd.o
                                         0x91 (size before relaxing)
 .rodata.str1.1
                0x00000000008000fe       0x2b ./it.o
 .rodata.str1.1
                0x0000000000800129       0x18 ./main.o
 *(.gnu.linkonce.d*)
                0x0000000000800142                . = ALIGN (0x2)
 *fill*         0x0000000000800141        0x1 
                0x0000000000800142                _edata = .
                0x0000000000800142                PROVIDE (__data_end, .)

.bss            0x0000000000800142       0xd9
                0x0000000000800142                PROVIDE (__bss_start, .)
 *(.bss)
 .bss           0x0000000000800142        0x0 /usr/lib/gcc/avr/4.8.1/../../../avr/lib/avr5/crtm16.o
 .bss           0x0000000000800142        0x0 ./cmd.o
 .bss           0x0000000000800142        0x0 ./eeprom.o
 .bss           0x0000000000800142        0x0 ./it.o
 .bss           0x0000000000800142        0x0 ./main.o
 .bss           0x0000000000800142        0x0 ./timer.o
 .bss           0x0000000000800142        0x0 ./usart.o
 .bss           0x0000000000800142        0x0 /usr/lib/gcc/avr/4.8.1/avr5/libgcc.a(_exit.o)
 .bss           0x0000000000800142        0x0 /usr/lib/gcc/avr/4.8.1/avr5/libgcc.a(_tablejump.o)
 .bss           0x0000000000800142        0x0 /usr/lib/gcc/avr/4.8.1/avr5/libgcc.a(_copy_data.o)
 .bss           0x0000000000800142        0x0 /usr/lib/gcc/avr/4.8.1/avr5/libgcc.a(_clear_bss.o)
 .bss           0x0000000000800142        0x0 /usr/lib/gcc/avr/4.8.1/../../../avr/lib/avr5/libc.a(iob.o)
 .bss           0x0000000000800142        0x0 /usr/lib/gcc/avr/4.8.1/../../../avr/lib/avr5/libc.a(printf.o)
 .bss           0x0000000000800142        0x0 /usr/lib/gcc/avr/4.8.1/../../../avr/lib/avr5/libc.a(putchar.o)
 .bss           0x0000000000800142        0x0 /usr/lib/gcc/avr/4.8.1/../../../avr/lib/avr5/libc.a(puts.o)
 .bss           0x0000000000800142        0x0 /usr/lib/gcc/avr/4.8.1/../../../avr/lib/avr5/libc.a(sprintf.o)
 .bss           0x0000000000800142        0x0 /usr/lib/gcc/avr/4.8.1/../../../avr/lib/avr5/libc.a(sscanf.o)
 .bss           0x0000000000800142        0x0 /usr/lib/gcc/avr/4.8.1/../../../avr/lib/avr5/libc.a(vfprintf_std.o)
 .bss           0x0000000000800142        0x0 /usr/lib/gcc/avr/4.8.1/../../../avr/lib/avr5/libc.a(vfscanf_std.o)
 .bss           0x0000000000800142        0x0 /usr/lib/gcc/avr/4.8.1/../../../avr/lib/avr5/libc.a(isspace.o)
 .bss           0x0000000000800142        0x0 /usr/lib/gcc/avr/4.8.1/../../../avr/lib/avr5/libc.a(strchr_P.o)
 .bss           0x0000000000800142        0x0 /usr/lib/gcc/avr/4.8.1/../../../avr/lib/avr5/libc.a(strnlen_P.o)
 .bss           0x0000000000800142        0x0 /usr/lib/gcc/avr/4.8.1/../../../avr/lib/avr5/libc.a(strnlen.o)
 .bss           0x0000000000800142        0x0 /usr/lib/gcc/avr/4.8.1/../../../avr/lib/avr5/libc.a(fgetc.o)
 .bss           0x0000000000800142        0x0 /usr/lib/gcc/avr/4.8.1/../../../avr/lib/avr5/libc.a(fputc.o)
 .bss           0x0000000000800142        0x0 /usr/lib/gcc/avr/4.8.1/../../../avr/lib/avr5/libc.a(ungetc.o)
 .bss           0x0000000000800142        0x0 /usr/lib/gcc/avr/4.8.1/../../../avr/lib/avr5/libc.a(ultoa_invert.o)
 .bss           0x0000000000800142        0x0 /usr/lib/gcc/avr/4.8.1/../../../avr/lib/avr5/libc.a(cty_isfalse.o)
 .bss           0x0000000000800142        0x0 /usr/lib/gcc/avr/4.8.1/avr5/libgcc.a(_prologue.o)
 .bss           0x0000000000800142        0x0 /usr/lib/gcc/avr/4.8.1/avr5/libgcc.a(_epilogue.o)
 *(.bss*)
 .bss.sec.1693  0x0000000000800142        0x1 ./it.o
 .bss.t.1692    0x0000000000800143        0x2 ./it.o
 .bss.seconds.1680
                0x0000000000800145        0x2 ./it.o
 .bss.t.1679    0x0000000000800147        0x2 ./it.o
 .bss.g_seconds
                0x0000000000800149        0x4 ./timer.o
                0x0000000000800149                g_seconds
 *(COMMON)
 COMMON         0x000000000080014d       0x64 ./cmd.o
                0x000000000080014d                buf
 COMMON         0x00000000008001b1       0x44 ./eeprom.o
                0x00000000008001b1                stackTail
                0x00000000008001b3                dutyH
                0x00000000008001d3                dutyL
                0x00000000008001f3                status
 COMMON         0x00000000008001f5       0x20 ./it.o
                0x00000000008001f5                m
 COMMON         0x0000000000800215        0x6 /usr/lib/gcc/avr/4.8.1/../../../avr/lib/avr5/libc.a(iob.o)
                0x0000000000800215                __iob
                0x000000000080021b                PROVIDE (__bss_end, .)
                0x000000000000186e                __data_load_start = LOADADDR (.data)
                0x0000000000001950                __data_load_end = (__data_load_start + SIZEOF (.data))

.noinit         0x000000000080021b        0x0
                0x000000000080021b                PROVIDE (__noinit_start, .)
 *(.noinit*)
                0x000000000080021b                PROVIDE (__noinit_end, .)
                0x000000000080021b                _end = .
                0x000000000080021b                PROVIDE (__heap_start, .)

.eeprom         0x0000000000810000        0x0
 *(.eeprom*)
                0x0000000000810000                __eeprom_end = .

.fuse
 *(.fuse)
 *(.lfuse)
 *(.hfuse)
 *(.efuse)

.lock
 *(.lock*)

.signature
 *(.signature*)

.user_signatures
 *(.user_signatures*)

.stab           0x0000000000000000     0x1f5c
 *(.stab)
 .stab          0x0000000000000000      0x90c ./cmd.o
 .stab          0x000000000000090c      0x474 ./eeprom.o
                                        0x63c (size before relaxing)
 .stab          0x0000000000000d80      0x6cc ./it.o
                                        0x8e8 (size before relaxing)
 .stab          0x000000000000144c      0x3d8 ./main.o
                                        0x5f4 (size before relaxing)
 .stab          0x0000000000001824      0x324 ./timer.o
                                        0x4ec (size before relaxing)
 .stab          0x0000000000001b48      0x414 ./usart.o
                                        0x63c (size before relaxing)

.stabstr        0x0000000000000000      0xfb3
 *(.stabstr)
 .stabstr       0x0000000000000000      0xfb3 ./cmd.o

.stab.excl
 *(.stab.excl)

.stab.exclstr
 *(.stab.exclstr)

.stab.index
 *(.stab.index)

.stab.indexstr
 *(.stab.indexstr)

.comment        0x0000000000000000       0x11
 *(.comment)
 .comment       0x0000000000000000       0x11 ./cmd.o
                                         0x12 (size before relaxing)
 .comment       0x0000000000000000       0x12 ./eeprom.o
 .comment       0x0000000000000000       0x12 ./it.o
 .comment       0x0000000000000000       0x12 ./main.o
 .comment       0x0000000000000000       0x12 ./timer.o
 .comment       0x0000000000000000       0x12 ./usart.o
 .comment       0x0000000000000000       0x12 /usr/lib/gcc/avr/4.8.1/../../../avr/lib/avr5/libc.a(iob.o)
 .comment       0x0000000000000000       0x12 /usr/lib/gcc/avr/4.8.1/../../../avr/lib/avr5/libc.a(printf.o)
 .comment       0x0000000000000000       0x12 /usr/lib/gcc/avr/4.8.1/../../../avr/lib/avr5/libc.a(putchar.o)
 .comment       0x0000000000000000       0x12 /usr/lib/gcc/avr/4.8.1/../../../avr/lib/avr5/libc.a(puts.o)
 .comment       0x0000000000000000       0x12 /usr/lib/gcc/avr/4.8.1/../../../avr/lib/avr5/libc.a(sprintf.o)
 .comment       0x0000000000000000       0x12 /usr/lib/gcc/avr/4.8.1/../../../avr/lib/avr5/libc.a(sscanf.o)
 .comment       0x0000000000000000       0x12 /usr/lib/gcc/avr/4.8.1/../../../avr/lib/avr5/libc.a(vfprintf_std.o)
 .comment       0x0000000000000000       0x12 /usr/lib/gcc/avr/4.8.1/../../../avr/lib/avr5/libc.a(vfscanf_std.o)
 .comment       0x0000000000000000       0x12 /usr/lib/gcc/avr/4.8.1/../../../avr/lib/avr5/libc.a(fgetc.o)
 .comment       0x0000000000000000       0x12 /usr/lib/gcc/avr/4.8.1/../../../avr/lib/avr5/libc.a(fputc.o)
 .comment       0x0000000000000000       0x12 /usr/lib/gcc/avr/4.8.1/../../../avr/lib/avr5/libc.a(ungetc.o)

.note.gnu.build-id
 *(.note.gnu.build-id)

.debug
 *(.debug)

.line
 *(.line)

.debug_srcinfo
 *(.debug_srcinfo)

.debug_sfnames
 *(.debug_sfnames)

.debug_aranges
 *(.debug_aranges)

.debug_pubnames
 *(.debug_pubnames)

.debug_info
 *(.debug_info .gnu.linkonce.wi.*)

.debug_abbrev
 *(.debug_abbrev)

.debug_line
 *(.debug_line .debug_line.* .debug_line_end)

.debug_frame
 *(.debug_frame)

.debug_str
 *(.debug_str)

.debug_loc
 *(.debug_loc)

.debug_macinfo
 *(.debug_macinfo)

.debug_weaknames
 *(.debug_weaknames)

.debug_funcnames
 *(.debug_funcnames)

.debug_typenames
 *(.debug_typenames)

.debug_varnames
 *(.debug_varnames)

.debug_pubtypes
 *(.debug_pubtypes)

.debug_ranges
 *(.debug_ranges)

.debug_macro
 *(.debug_macro)
OUTPUT(SerialSwitch.elf elf32-avr)
LOAD linker stubs
