Archive member included because of file (symbol)

/usr/lib/gcc/avr/4.8.1/avr5/libgcc.a(_exit.o)
                              /usr/lib/gcc/avr/4.8.1/../../../avr/lib/avr5/crtm16.o (exit)
/usr/lib/gcc/avr/4.8.1/avr5/libgcc.a(_copy_data.o)
                              ./cmd.o (__do_copy_data)
/usr/lib/gcc/avr/4.8.1/avr5/libgcc.a(_clear_bss.o)
                              ./cmd.o (__do_clear_bss)
/usr/lib/gcc/avr/4.8.1/../../../avr/lib/avr5/libc.a(puts.o)
                              ./cmd.o (puts)
/usr/lib/gcc/avr/4.8.1/../../../avr/lib/avr5/libc.a(sprintf.o)
                              ./cmd.o (sprintf)
/usr/lib/gcc/avr/4.8.1/../../../avr/lib/avr5/libc.a(sscanf.o)
                              ./cmd.o (sscanf)
/usr/lib/gcc/avr/4.8.1/../../../avr/lib/avr5/libc.a(vfprintf_std.o)
                              /usr/lib/gcc/avr/4.8.1/../../../avr/lib/avr5/libc.a(sprintf.o) (vfprintf)
/usr/lib/gcc/avr/4.8.1/../../../avr/lib/avr5/libc.a(vfscanf_std.o)
                              /usr/lib/gcc/avr/4.8.1/../../../avr/lib/avr5/libc.a(sscanf.o) (vfscanf)
/usr/lib/gcc/avr/4.8.1/../../../avr/lib/avr5/libc.a(isspace.o)
                              /usr/lib/gcc/avr/4.8.1/../../../avr/lib/avr5/libc.a(vfscanf_std.o) (isspace)
/usr/lib/gcc/avr/4.8.1/../../../avr/lib/avr5/libc.a(strchr_P.o)
                              /usr/lib/gcc/avr/4.8.1/../../../avr/lib/avr5/libc.a(vfscanf_std.o) (strchr_P)
/usr/lib/gcc/avr/4.8.1/../../../avr/lib/avr5/libc.a(strnlen_P.o)
                              /usr/lib/gcc/avr/4.8.1/../../../avr/lib/avr5/libc.a(vfprintf_std.o) (strnlen_P)
/usr/lib/gcc/avr/4.8.1/../../../avr/lib/avr5/libc.a(strnlen.o)
                              /usr/lib/gcc/avr/4.8.1/../../../avr/lib/avr5/libc.a(vfprintf_std.o) (strnlen)
/usr/lib/gcc/avr/4.8.1/../../../avr/lib/avr5/libc.a(fgetc.o)
                              /usr/lib/gcc/avr/4.8.1/../../../avr/lib/avr5/libc.a(vfscanf_std.o) (fgetc)
/usr/lib/gcc/avr/4.8.1/../../../avr/lib/avr5/libc.a(fputc.o)
                              /usr/lib/gcc/avr/4.8.1/../../../avr/lib/avr5/libc.a(vfprintf_std.o) (fputc)
/usr/lib/gcc/avr/4.8.1/../../../avr/lib/avr5/libc.a(iob.o)
                              /usr/lib/gcc/avr/4.8.1/../../../avr/lib/avr5/libc.a(puts.o) (__iob)
/usr/lib/gcc/avr/4.8.1/../../../avr/lib/avr5/libc.a(ungetc.o)
                              /usr/lib/gcc/avr/4.8.1/../../../avr/lib/avr5/libc.a(vfscanf_std.o) (ungetc)
/usr/lib/gcc/avr/4.8.1/../../../avr/lib/avr5/libc.a(ultoa_invert.o)
                              /usr/lib/gcc/avr/4.8.1/../../../avr/lib/avr5/libc.a(vfprintf_std.o) (__ultoa_invert)
/usr/lib/gcc/avr/4.8.1/../../../avr/lib/avr5/libc.a(cty_isfalse.o)
                              /usr/lib/gcc/avr/4.8.1/../../../avr/lib/avr5/libc.a(isspace.o) (__ctype_isfalse)
/usr/lib/gcc/avr/4.8.1/avr5/libgcc.a(_prologue.o)
                              /usr/lib/gcc/avr/4.8.1/../../../avr/lib/avr5/libc.a(sprintf.o) (__prologue_saves__)
/usr/lib/gcc/avr/4.8.1/avr5/libgcc.a(_epilogue.o)
                              /usr/lib/gcc/avr/4.8.1/../../../avr/lib/avr5/libc.a(sprintf.o) (__epilogue_restores__)

Allocating common symbols
Common symbol       size              file

stackTail           0x2               ./eeprom.o
dutyH               0x20              ./eeprom.o
dutyL               0x20              ./eeprom.o
debugStr            0x64              ./main.o
buf                 0x64              ./cmd.o
m                   0x20              ./it.o
__iob               0x6               /usr/lib/gcc/avr/4.8.1/../../../avr/lib/avr5/libc.a(iob.o)
status              0x2               ./eeprom.o

Memory Configuration

Name             Origin             Length             Attributes
text             0x00000000         0x00020000         xr
data             0x00800060         0x0000ffa0         rw !x
eeprom           0x00810000         0x00010000         rw !x
fuse             0x00820000         0x00000400         rw !x
lock             0x00830000         0x00000400         rw !x
signature        0x00840000         0x00000400         rw !x
user_signatures  0x00850000         0x00000400         rw !x
*default*        0x00000000         0xffffffff

Linker script and memory map

LOAD /usr/lib/gcc/avr/4.8.1/../../../avr/lib/avr5/crtm16.o
LOAD ./cmd.o
LOAD ./eeprom.o
LOAD ./it.o
LOAD ./main.o
LOAD ./usart.o
START GROUP
LOAD /usr/lib/gcc/avr/4.8.1/avr5/libgcc.a
LOAD /usr/lib/gcc/avr/4.8.1/../../../avr/lib/avr5/libm.a
LOAD /usr/lib/gcc/avr/4.8.1/../../../avr/lib/avr5/libc.a
END GROUP

.hash
 *(.hash)

.dynsym
 *(.dynsym)

.dynstr
 *(.dynstr)

.gnu.version
 *(.gnu.version)

.gnu.version_d
 *(.gnu.version_d)

.gnu.version_r
 *(.gnu.version_r)

.rel.init
 *(.rel.init)

.rela.init
 *(.rela.init)

.rel.text
 *(.rel.text)
 *(.rel.text.*)
 *(.rel.gnu.linkonce.t*)

.rela.text
 *(.rela.text)
 *(.rela.text.*)
 *(.rela.gnu.linkonce.t*)

.rel.fini
 *(.rel.fini)

.rela.fini
 *(.rela.fini)

.rel.rodata
 *(.rel.rodata)
 *(.rel.rodata.*)
 *(.rel.gnu.linkonce.r*)

.rela.rodata
 *(.rela.rodata)
 *(.rela.rodata.*)
 *(.rela.gnu.linkonce.r*)

.rel.data
 *(.rel.data)
 *(.rel.data.*)
 *(.rel.gnu.linkonce.d*)

.rela.data
 *(.rela.data)
 *(.rela.data.*)
 *(.rela.gnu.linkonce.d*)

.rel.ctors
 *(.rel.ctors)

.rela.ctors
 *(.rela.ctors)

.rel.dtors
 *(.rel.dtors)

.rela.dtors
 *(.rela.dtors)

.rel.got
 *(.rel.got)

.rela.got
 *(.rela.got)

.rel.bss
 *(.rel.bss)

.rela.bss
 *(.rela.bss)

.rel.plt
 *(.rel.plt)

.rela.plt
 *(.rela.plt)

.text           0x00000000     0x1760
 *(.vectors)
 .vectors       0x00000000       0x54 /usr/lib/gcc/avr/4.8.1/../../../avr/lib/avr5/crtm16.o
                0x00000000                __vectors
                0x00000000                __vector_default
 *(.vectors)
 *(.progmem.gcc*)
                0x00000054                . = ALIGN (0x2)
                0x00000054                __trampolines_start = .
 *(.trampolines)
 .trampolines   0x00000054        0x0 linker stubs
 *(.trampolines*)
                0x00000054                __trampolines_end = .
 *(.progmem*)
 .progmem.data  0x00000054        0xc /usr/lib/gcc/avr/4.8.1/../../../avr/lib/avr5/libc.a(vfscanf_std.o)
                0x00000060                . = ALIGN (0x2)
 *(.jumptables)
 *(.jumptables*)
 *(.lowtext)
 *(.lowtext*)
                0x00000060                __ctors_start = .
 *(.ctors)
                0x00000060                __ctors_end = .
                0x00000060                __dtors_start = .
 *(.dtors)
                0x00000060                __dtors_end = .
 SORT(*)(.ctors)
 SORT(*)(.dtors)
 *(.init0)
 .init0         0x00000060        0x0 /usr/lib/gcc/avr/4.8.1/../../../avr/lib/avr5/crtm16.o
                0x00000060                __init
 *(.init0)
 *(.init1)
 *(.init1)
 *(.init2)
 .init2         0x00000060        0xc /usr/lib/gcc/avr/4.8.1/../../../avr/lib/avr5/crtm16.o
 *(.init2)
 *(.init3)
 *(.init3)
 *(.init4)
 .init4         0x0000006c       0x16 /usr/lib/gcc/avr/4.8.1/avr5/libgcc.a(_copy_data.o)
                0x0000006c                __do_copy_data
 .init4         0x00000082       0x10 /usr/lib/gcc/avr/4.8.1/avr5/libgcc.a(_clear_bss.o)
                0x00000082                __do_clear_bss
 *(.init4)
 *(.init5)
 *(.init5)
 *(.init6)
 *(.init6)
 *(.init7)
 *(.init7)
 *(.init8)
 *(.init8)
 *(.init9)
 .init9         0x00000092        0x8 /usr/lib/gcc/avr/4.8.1/../../../avr/lib/avr5/crtm16.o
 *(.init9)
 *(.text)
 .text          0x0000009a        0x4 /usr/lib/gcc/avr/4.8.1/../../../avr/lib/avr5/crtm16.o
                0x0000009a                __vector_1
                0x0000009a                __vector_12
                0x0000009a                __bad_interrupt
                0x0000009a                __vector_6
                0x0000009a                __vector_3
                0x0000009a                __vector_13
                0x0000009a                __vector_17
                0x0000009a                __vector_19
                0x0000009a                __vector_7
                0x0000009a                __vector_5
                0x0000009a                __vector_2
                0x0000009a                __vector_15
                0x0000009a                __vector_8
                0x0000009a                __vector_14
                0x0000009a                __vector_10
                0x0000009a                __vector_16
                0x0000009a                __vector_18
                0x0000009a                __vector_20
 .text          0x0000009e        0x0 ./cmd.o
 .text          0x0000009e        0x0 ./eeprom.o
 .text          0x0000009e        0x0 ./it.o
 .text          0x0000009e        0x0 ./main.o
 .text          0x0000009e        0x0 ./usart.o
 .text          0x0000009e        0x0 /usr/lib/gcc/avr/4.8.1/avr5/libgcc.a(_exit.o)
 .text          0x0000009e        0x0 /usr/lib/gcc/avr/4.8.1/avr5/libgcc.a(_copy_data.o)
 .text          0x0000009e        0x0 /usr/lib/gcc/avr/4.8.1/avr5/libgcc.a(_clear_bss.o)
 .text          0x0000009e        0x0 /usr/lib/gcc/avr/4.8.1/../../../avr/lib/avr5/libc.a(puts.o)
 .text          0x0000009e        0x0 /usr/lib/gcc/avr/4.8.1/../../../avr/lib/avr5/libc.a(sprintf.o)
 .text          0x0000009e        0x0 /usr/lib/gcc/avr/4.8.1/../../../avr/lib/avr5/libc.a(sscanf.o)
 .text          0x0000009e        0x0 /usr/lib/gcc/avr/4.8.1/../../../avr/lib/avr5/libc.a(vfprintf_std.o)
 .text          0x0000009e        0x0 /usr/lib/gcc/avr/4.8.1/../../../avr/lib/avr5/libc.a(vfscanf_std.o)
 .text          0x0000009e        0x0 /usr/lib/gcc/avr/4.8.1/../../../avr/lib/avr5/libc.a(isspace.o)
 .text          0x0000009e        0x0 /usr/lib/gcc/avr/4.8.1/../../../avr/lib/avr5/libc.a(strchr_P.o)
 .text          0x0000009e        0x0 /usr/lib/gcc/avr/4.8.1/../../../avr/lib/avr5/libc.a(strnlen_P.o)
 .text          0x0000009e        0x0 /usr/lib/gcc/avr/4.8.1/../../../avr/lib/avr5/libc.a(strnlen.o)
 .text          0x0000009e        0x0 /usr/lib/gcc/avr/4.8.1/../../../avr/lib/avr5/libc.a(fgetc.o)
 .text          0x0000009e        0x0 /usr/lib/gcc/avr/4.8.1/../../../avr/lib/avr5/libc.a(fputc.o)
 .text          0x0000009e        0x0 /usr/lib/gcc/avr/4.8.1/../../../avr/lib/avr5/libc.a(iob.o)
 .text          0x0000009e        0x0 /usr/lib/gcc/avr/4.8.1/../../../avr/lib/avr5/libc.a(ungetc.o)
 .text          0x0000009e        0x0 /usr/lib/gcc/avr/4.8.1/../../../avr/lib/avr5/libc.a(ultoa_invert.o)
 .text          0x0000009e        0x0 /usr/lib/gcc/avr/4.8.1/../../../avr/lib/avr5/libc.a(cty_isfalse.o)
 .text          0x0000009e        0x0 /usr/lib/gcc/avr/4.8.1/avr5/libgcc.a(_prologue.o)
 .text          0x0000009e        0x0 /usr/lib/gcc/avr/4.8.1/avr5/libgcc.a(_epilogue.o)
                0x0000009e                . = ALIGN (0x2)
 *(.text.*)
 .text.runCmd   0x0000009e      0x4d2 ./cmd.o
                0x0000009e                runCmd
 .text.writeEEPROM
                0x00000570       0x10 ./eeprom.o
                0x00000570                writeEEPROM
 .text.readEEPROM
                0x00000580        0xe ./eeprom.o
                0x00000580                readEEPROM
 .text.setDuty  0x0000058e       0xcc ./eeprom.o
                0x0000058e                setDuty
 .text.__vector_9
                0x0000065a      0x172 ./it.o
                0x0000065a                __vector_9
 .text.__vector_4
                0x000007cc      0x12e ./it.o
                0x000007cc                __vector_4
 .text.__vector_11
                0x000008fa       0xfa ./it.o
                0x000008fa                __vector_11
 .text.initUSART
                0x000009f4       0x10 ./it.o
                0x000009f4                initUSART
 .text.initTimer0
                0x00000a04        0xe ./it.o
                0x00000a04                initTimer0
 .text.initTimer2
                0x00000a12        0xe ./it.o
                0x00000a12                initTimer2
 .text.startup.main
                0x00000a20       0xa2 ./main.o
                0x00000a20                main
 .text.sendUSART
                0x00000ac2        0x8 ./usart.o
                0x00000ac2                sendUSART
 .text.receiveUSART
                0x00000aca        0x8 ./usart.o
                0x00000aca                receiveUSART
 .text.print    0x00000ad2       0x18 ./usart.o
                0x00000ad2                print
 .text.libgcc.mul
                0x00000aea        0x0 /usr/lib/gcc/avr/4.8.1/avr5/libgcc.a(_exit.o)
 .text.libgcc.div
                0x00000aea        0x0 /usr/lib/gcc/avr/4.8.1/avr5/libgcc.a(_exit.o)
 .text.libgcc   0x00000aea        0x0 /usr/lib/gcc/avr/4.8.1/avr5/libgcc.a(_exit.o)
 .text.libgcc.prologue
                0x00000aea        0x0 /usr/lib/gcc/avr/4.8.1/avr5/libgcc.a(_exit.o)
 .text.libgcc.builtins
                0x00000aea        0x0 /usr/lib/gcc/avr/4.8.1/avr5/libgcc.a(_exit.o)
 .text.libgcc.fmul
                0x00000aea        0x0 /usr/lib/gcc/avr/4.8.1/avr5/libgcc.a(_exit.o)
 .text.libgcc.fixed
                0x00000aea        0x0 /usr/lib/gcc/avr/4.8.1/avr5/libgcc.a(_exit.o)
 .text.libgcc.mul
                0x00000aea        0x0 /usr/lib/gcc/avr/4.8.1/avr5/libgcc.a(_copy_data.o)
 .text.libgcc.div
                0x00000aea        0x0 /usr/lib/gcc/avr/4.8.1/avr5/libgcc.a(_copy_data.o)
 .text.libgcc   0x00000aea        0x0 /usr/lib/gcc/avr/4.8.1/avr5/libgcc.a(_copy_data.o)
 .text.libgcc.prologue
                0x00000aea        0x0 /usr/lib/gcc/avr/4.8.1/avr5/libgcc.a(_copy_data.o)
 .text.libgcc.builtins
                0x00000aea        0x0 /usr/lib/gcc/avr/4.8.1/avr5/libgcc.a(_copy_data.o)
 .text.libgcc.fmul
                0x00000aea        0x0 /usr/lib/gcc/avr/4.8.1/avr5/libgcc.a(_copy_data.o)
 .text.libgcc.fixed
                0x00000aea        0x0 /usr/lib/gcc/avr/4.8.1/avr5/libgcc.a(_copy_data.o)
 .text.libgcc.mul
                0x00000aea        0x0 /usr/lib/gcc/avr/4.8.1/avr5/libgcc.a(_clear_bss.o)
 .text.libgcc.div
                0x00000aea        0x0 /usr/lib/gcc/avr/4.8.1/avr5/libgcc.a(_clear_bss.o)
 .text.libgcc   0x00000aea        0x0 /usr/lib/gcc/avr/4.8.1/avr5/libgcc.a(_clear_bss.o)
 .text.libgcc.prologue
                0x00000aea        0x0 /usr/lib/gcc/avr/4.8.1/avr5/libgcc.a(_clear_bss.o)
 .text.libgcc.builtins
                0x00000aea        0x0 /usr/lib/gcc/avr/4.8.1/avr5/libgcc.a(_clear_bss.o)
 .text.libgcc.fmul
                0x00000aea        0x0 /usr/lib/gcc/avr/4.8.1/avr5/libgcc.a(_clear_bss.o)
 .text.libgcc.fixed
                0x00000aea        0x0 /usr/lib/gcc/avr/4.8.1/avr5/libgcc.a(_clear_bss.o)
 .text.avr-libc
                0x00000aea       0x5a /usr/lib/gcc/avr/4.8.1/../../../avr/lib/avr5/libc.a(puts.o)
                0x00000aea                puts
 .text.avr-libc
                0x00000b44       0x44 /usr/lib/gcc/avr/4.8.1/../../../avr/lib/avr5/libc.a(sprintf.o)
                0x00000b44                sprintf
 .text.avr-libc
                0x00000b88       0x32 /usr/lib/gcc/avr/4.8.1/../../../avr/lib/avr5/libc.a(sscanf.o)
                0x00000b88                sscanf
 .text.avr-libc
                0x00000bba      0x3a4 /usr/lib/gcc/avr/4.8.1/../../../avr/lib/avr5/libc.a(vfprintf_std.o)
                0x00000bba                vfprintf
 .text.avr-libc
                0x00000f5e      0x56a /usr/lib/gcc/avr/4.8.1/../../../avr/lib/avr5/libc.a(vfscanf_std.o)
                0x0000125a                vfscanf
 .text.avr-libc
                0x000014c8       0x10 /usr/lib/gcc/avr/4.8.1/../../../avr/lib/avr5/libc.a(isspace.o)
                0x000014c8                isspace
 .text.avr-libc
                0x000014d8       0x16 /usr/lib/gcc/avr/4.8.1/../../../avr/lib/avr5/libc.a(strchr_P.o)
                0x000014d8                strchr_P
 .text.avr-libc
                0x000014ee       0x16 /usr/lib/gcc/avr/4.8.1/../../../avr/lib/avr5/libc.a(strnlen_P.o)
                0x000014ee                strnlen_P
 .text.avr-libc
                0x00001504       0x16 /usr/lib/gcc/avr/4.8.1/../../../avr/lib/avr5/libc.a(strnlen.o)
                0x00001504                strnlen
 .text.avr-libc
                0x0000151a       0x7c /usr/lib/gcc/avr/4.8.1/../../../avr/lib/avr5/libc.a(fgetc.o)
                0x0000151a                fgetc
 .text.avr-libc
                0x00001596       0x64 /usr/lib/gcc/avr/4.8.1/../../../avr/lib/avr5/libc.a(fputc.o)
                0x00001596                fputc
 .text.avr-libc
                0x000015fa       0x32 /usr/lib/gcc/avr/4.8.1/../../../avr/lib/avr5/libc.a(ungetc.o)
                0x000015fa                ungetc
 .text.avr-libc
                0x0000162c       0xbc /usr/lib/gcc/avr/4.8.1/../../../avr/lib/avr5/libc.a(ultoa_invert.o)
                0x0000162c                __ultoa_invert
 .text.avr-libc
                0x000016e8        0x6 /usr/lib/gcc/avr/4.8.1/../../../avr/lib/avr5/libc.a(cty_isfalse.o)
                0x000016e8                __ctype_isfalse
                0x000016ec                __ctype_istrue
 .text.libgcc.mul
                0x000016ee        0x0 /usr/lib/gcc/avr/4.8.1/avr5/libgcc.a(_prologue.o)
 .text.libgcc.div
                0x000016ee        0x0 /usr/lib/gcc/avr/4.8.1/avr5/libgcc.a(_prologue.o)
 .text.libgcc   0x000016ee        0x0 /usr/lib/gcc/avr/4.8.1/avr5/libgcc.a(_prologue.o)
 .text.libgcc.prologue
                0x000016ee       0x38 /usr/lib/gcc/avr/4.8.1/avr5/libgcc.a(_prologue.o)
                0x000016ee                __prologue_saves__
 .text.libgcc.builtins
                0x00001726        0x0 /usr/lib/gcc/avr/4.8.1/avr5/libgcc.a(_prologue.o)
 .text.libgcc.fmul
                0x00001726        0x0 /usr/lib/gcc/avr/4.8.1/avr5/libgcc.a(_prologue.o)
 .text.libgcc.fixed
                0x00001726        0x0 /usr/lib/gcc/avr/4.8.1/avr5/libgcc.a(_prologue.o)
 .text.libgcc.mul
                0x00001726        0x0 /usr/lib/gcc/avr/4.8.1/avr5/libgcc.a(_epilogue.o)
 .text.libgcc.div
                0x00001726        0x0 /usr/lib/gcc/avr/4.8.1/avr5/libgcc.a(_epilogue.o)
 .text.libgcc   0x00001726        0x0 /usr/lib/gcc/avr/4.8.1/avr5/libgcc.a(_epilogue.o)
 .text.libgcc.prologue
                0x00001726       0x36 /usr/lib/gcc/avr/4.8.1/avr5/libgcc.a(_epilogue.o)
                0x00001726                __epilogue_restores__
 .text.libgcc.builtins
                0x0000175c        0x0 /usr/lib/gcc/avr/4.8.1/avr5/libgcc.a(_epilogue.o)
 .text.libgcc.fmul
                0x0000175c        0x0 /usr/lib/gcc/avr/4.8.1/avr5/libgcc.a(_epilogue.o)
 .text.libgcc.fixed
                0x0000175c        0x0 /usr/lib/gcc/avr/4.8.1/avr5/libgcc.a(_epilogue.o)
                0x0000175c                . = ALIGN (0x2)
 *(.fini9)
 .fini9         0x0000175c        0x0 /usr/lib/gcc/avr/4.8.1/avr5/libgcc.a(_exit.o)
                0x0000175c                exit
                0x0000175c                _exit
 *(.fini9)
 *(.fini8)
 *(.fini8)
 *(.fini7)
 *(.fini7)
 *(.fini6)
 *(.fini6)
 *(.fini5)
 *(.fini5)
 *(.fini4)
 *(.fini4)
 *(.fini3)
 *(.fini3)
 *(.fini2)
 *(.fini2)
 *(.fini1)
 *(.fini1)
 *(.fini0)
 .fini0         0x0000175c        0x4 /usr/lib/gcc/avr/4.8.1/avr5/libgcc.a(_exit.o)
 *(.fini0)
                0x00001760                _etext = .

.data           0x00800060       0x9a load address 0x00001760
                0x00800060                PROVIDE (__data_start, .)
 *(.data)
 .data          0x00800060        0x0 /usr/lib/gcc/avr/4.8.1/../../../avr/lib/avr5/crtm16.o
 .data          0x00800060        0x0 ./cmd.o
 .data          0x00800060        0x0 ./eeprom.o
 .data          0x00800060        0x0 ./it.o
 .data          0x00800060        0x0 ./main.o
 .data          0x00800060        0x0 ./usart.o
 .data          0x00800060        0x0 /usr/lib/gcc/avr/4.8.1/avr5/libgcc.a(_exit.o)
 .data          0x00800060        0x0 /usr/lib/gcc/avr/4.8.1/avr5/libgcc.a(_copy_data.o)
 .data          0x00800060        0x0 /usr/lib/gcc/avr/4.8.1/avr5/libgcc.a(_clear_bss.o)
 .data          0x00800060        0x0 /usr/lib/gcc/avr/4.8.1/../../../avr/lib/avr5/libc.a(puts.o)
 .data          0x00800060        0x0 /usr/lib/gcc/avr/4.8.1/../../../avr/lib/avr5/libc.a(sprintf.o)
 .data          0x00800060        0x0 /usr/lib/gcc/avr/4.8.1/../../../avr/lib/avr5/libc.a(sscanf.o)
 .data          0x00800060        0x0 /usr/lib/gcc/avr/4.8.1/../../../avr/lib/avr5/libc.a(vfprintf_std.o)
 .data          0x00800060        0x0 /usr/lib/gcc/avr/4.8.1/../../../avr/lib/avr5/libc.a(vfscanf_std.o)
 .data          0x00800060        0x0 /usr/lib/gcc/avr/4.8.1/../../../avr/lib/avr5/libc.a(isspace.o)
 .data          0x00800060        0x0 /usr/lib/gcc/avr/4.8.1/../../../avr/lib/avr5/libc.a(strchr_P.o)
 .data          0x00800060        0x0 /usr/lib/gcc/avr/4.8.1/../../../avr/lib/avr5/libc.a(strnlen_P.o)
 .data          0x00800060        0x0 /usr/lib/gcc/avr/4.8.1/../../../avr/lib/avr5/libc.a(strnlen.o)
 .data          0x00800060        0x0 /usr/lib/gcc/avr/4.8.1/../../../avr/lib/avr5/libc.a(fgetc.o)
 .data          0x00800060        0x0 /usr/lib/gcc/avr/4.8.1/../../../avr/lib/avr5/libc.a(fputc.o)
 .data          0x00800060        0x0 /usr/lib/gcc/avr/4.8.1/../../../avr/lib/avr5/libc.a(iob.o)
 .data          0x00800060        0x0 /usr/lib/gcc/avr/4.8.1/../../../avr/lib/avr5/libc.a(ungetc.o)
 .data          0x00800060        0x0 /usr/lib/gcc/avr/4.8.1/../../../avr/lib/avr5/libc.a(ultoa_invert.o)
 .data          0x00800060        0x0 /usr/lib/gcc/avr/4.8.1/../../../avr/lib/avr5/libc.a(cty_isfalse.o)
 .data          0x00800060        0x0 /usr/lib/gcc/avr/4.8.1/avr5/libgcc.a(_prologue.o)
 .data          0x00800060        0x0 /usr/lib/gcc/avr/4.8.1/avr5/libgcc.a(_epilogue.o)
 *(.data*)
 .data.p.1492   0x00800060        0x2 ./it.o
 *(.rodata)
 *(.rodata*)
 .rodata.str1.1
                0x00800062       0x76 ./cmd.o
                                 0x79 (size before relaxing)
 .rodata.str1.1
                0x008000d8       0x22 ./it.o
                                 0x24 (size before relaxing)
 *(.gnu.linkonce.d*)
                0x008000fa                . = ALIGN (0x2)
                0x008000fa                _edata = .
                0x008000fa                PROVIDE (__data_end, .)

.bss            0x008000fa      0x139
                0x008000fa                PROVIDE (__bss_start, .)
 *(.bss)
 .bss           0x008000fa        0x0 /usr/lib/gcc/avr/4.8.1/../../../avr/lib/avr5/crtm16.o
 .bss           0x008000fa        0x0 ./cmd.o
 .bss           0x008000fa        0x0 ./eeprom.o
 .bss           0x008000fa        0x0 ./it.o
 .bss           0x008000fa        0x0 ./main.o
 .bss           0x008000fa        0x0 ./usart.o
 .bss           0x008000fa        0x0 /usr/lib/gcc/avr/4.8.1/avr5/libgcc.a(_exit.o)
 .bss           0x008000fa        0x0 /usr/lib/gcc/avr/4.8.1/avr5/libgcc.a(_copy_data.o)
 .bss           0x008000fa        0x0 /usr/lib/gcc/avr/4.8.1/avr5/libgcc.a(_clear_bss.o)
 .bss           0x008000fa        0x0 /usr/lib/gcc/avr/4.8.1/../../../avr/lib/avr5/libc.a(puts.o)
 .bss           0x008000fa        0x0 /usr/lib/gcc/avr/4.8.1/../../../avr/lib/avr5/libc.a(sprintf.o)
 .bss           0x008000fa        0x0 /usr/lib/gcc/avr/4.8.1/../../../avr/lib/avr5/libc.a(sscanf.o)
 .bss           0x008000fa        0x0 /usr/lib/gcc/avr/4.8.1/../../../avr/lib/avr5/libc.a(vfprintf_std.o)
 .bss           0x008000fa        0x0 /usr/lib/gcc/avr/4.8.1/../../../avr/lib/avr5/libc.a(vfscanf_std.o)
 .bss           0x008000fa        0x0 /usr/lib/gcc/avr/4.8.1/../../../avr/lib/avr5/libc.a(isspace.o)
 .bss           0x008000fa        0x0 /usr/lib/gcc/avr/4.8.1/../../../avr/lib/avr5/libc.a(strchr_P.o)
 .bss           0x008000fa        0x0 /usr/lib/gcc/avr/4.8.1/../../../avr/lib/avr5/libc.a(strnlen_P.o)
 .bss           0x008000fa        0x0 /usr/lib/gcc/avr/4.8.1/../../../avr/lib/avr5/libc.a(strnlen.o)
 .bss           0x008000fa        0x0 /usr/lib/gcc/avr/4.8.1/../../../avr/lib/avr5/libc.a(fgetc.o)
 .bss           0x008000fa        0x0 /usr/lib/gcc/avr/4.8.1/../../../avr/lib/avr5/libc.a(fputc.o)
 .bss           0x008000fa        0x0 /usr/lib/gcc/avr/4.8.1/../../../avr/lib/avr5/libc.a(iob.o)
 .bss           0x008000fa        0x0 /usr/lib/gcc/avr/4.8.1/../../../avr/lib/avr5/libc.a(ungetc.o)
 .bss           0x008000fa        0x0 /usr/lib/gcc/avr/4.8.1/../../../avr/lib/avr5/libc.a(ultoa_invert.o)
 .bss           0x008000fa        0x0 /usr/lib/gcc/avr/4.8.1/../../../avr/lib/avr5/libc.a(cty_isfalse.o)
 .bss           0x008000fa        0x0 /usr/lib/gcc/avr/4.8.1/avr5/libgcc.a(_prologue.o)
 .bss           0x008000fa        0x0 /usr/lib/gcc/avr/4.8.1/avr5/libgcc.a(_epilogue.o)
 *(.bss*)
 .bss.sec.1504  0x008000fa        0x1 ./it.o
 .bss.t.1503    0x008000fb        0x2 ./it.o
 .bss.seconds.1491
                0x008000fd        0x2 ./it.o
 .bss.t.1490    0x008000ff        0x2 ./it.o
 *(COMMON)
 COMMON         0x00800101       0x64 ./cmd.o
                0x00800101                buf
 COMMON         0x00800165       0x44 ./eeprom.o
                0x00800165                stackTail
                0x00800167                dutyH
                0x00800187                dutyL
                0x008001a7                status
 COMMON         0x008001a9       0x20 ./it.o
                0x008001a9                m
 COMMON         0x008001c9       0x64 ./main.o
                0x008001c9                debugStr
 COMMON         0x0080022d        0x6 /usr/lib/gcc/avr/4.8.1/../../../avr/lib/avr5/libc.a(iob.o)
                0x0080022d                __iob
                0x00800233                PROVIDE (__bss_end, .)
                0x00001760                __data_load_start = LOADADDR (.data)
                0x000017fa                __data_load_end = (__data_load_start + SIZEOF (.data))

.noinit         0x00800233        0x0
                0x00800233                PROVIDE (__noinit_start, .)
 *(.noinit*)
                0x00800233                PROVIDE (__noinit_end, .)
                0x00800233                _end = .
                0x00800233                PROVIDE (__heap_start, .)

.eeprom         0x00810000        0x0
 *(.eeprom*)
                0x00810000                __eeprom_end = .

.fuse
 *(.fuse)
 *(.lfuse)
 *(.hfuse)
 *(.efuse)

.lock
 *(.lock*)

.signature
 *(.signature*)

.user_signatures
 *(.user_signatures*)

.stab           0x00000000     0x1b84
 *(.stab)
 .stab          0x00000000      0x8d0 ./cmd.o
 .stab          0x000008d0      0x474 ./eeprom.o
                                0x63c (size before relaxing)
 .stab          0x00000d44      0x738 ./it.o
                                0x900 (size before relaxing)
 .stab          0x0000147c      0x3a8 ./main.o
                                0x570 (size before relaxing)
 .stab          0x00001824      0x360 ./usart.o
                                0x528 (size before relaxing)

.stabstr        0x00000000      0xf96
 *(.stabstr)
 .stabstr       0x00000000      0xf96 ./cmd.o

.stab.excl
 *(.stab.excl)

.stab.exclstr
 *(.stab.exclstr)

.stab.index
 *(.stab.index)

.stab.indexstr
 *(.stab.indexstr)

.comment        0x00000000       0x11
 *(.comment)
 .comment       0x00000000       0x11 ./cmd.o
                                 0x12 (size before relaxing)
 .comment       0x00000000       0x12 ./eeprom.o
 .comment       0x00000000       0x12 ./it.o
 .comment       0x00000000       0x12 ./main.o
 .comment       0x00000000       0x12 ./usart.o
 .comment       0x00000000       0x12 /usr/lib/gcc/avr/4.8.1/../../../avr/lib/avr5/libc.a(puts.o)
 .comment       0x00000000       0x12 /usr/lib/gcc/avr/4.8.1/../../../avr/lib/avr5/libc.a(sprintf.o)
 .comment       0x00000000       0x12 /usr/lib/gcc/avr/4.8.1/../../../avr/lib/avr5/libc.a(sscanf.o)
 .comment       0x00000000       0x12 /usr/lib/gcc/avr/4.8.1/../../../avr/lib/avr5/libc.a(vfprintf_std.o)
 .comment       0x00000000       0x12 /usr/lib/gcc/avr/4.8.1/../../../avr/lib/avr5/libc.a(vfscanf_std.o)
 .comment       0x00000000       0x12 /usr/lib/gcc/avr/4.8.1/../../../avr/lib/avr5/libc.a(fgetc.o)
 .comment       0x00000000       0x12 /usr/lib/gcc/avr/4.8.1/../../../avr/lib/avr5/libc.a(fputc.o)
 .comment       0x00000000       0x12 /usr/lib/gcc/avr/4.8.1/../../../avr/lib/avr5/libc.a(iob.o)
 .comment       0x00000000       0x12 /usr/lib/gcc/avr/4.8.1/../../../avr/lib/avr5/libc.a(ungetc.o)

.note.gnu.build-id
 *(.note.gnu.build-id)

.debug
 *(.debug)

.line
 *(.line)

.debug_srcinfo
 *(.debug_srcinfo)

.debug_sfnames
 *(.debug_sfnames)

.debug_aranges
 *(.debug_aranges)

.debug_pubnames
 *(.debug_pubnames)

.debug_info
 *(.debug_info .gnu.linkonce.wi.*)

.debug_abbrev
 *(.debug_abbrev)

.debug_line
 *(.debug_line .debug_line.* .debug_line_end)

.debug_frame
 *(.debug_frame)

.debug_str
 *(.debug_str)

.debug_loc
 *(.debug_loc)

.debug_macinfo
 *(.debug_macinfo)

.debug_weaknames
 *(.debug_weaknames)

.debug_funcnames
 *(.debug_funcnames)

.debug_typenames
 *(.debug_typenames)

.debug_varnames
 *(.debug_varnames)

.debug_pubtypes
 *(.debug_pubtypes)

.debug_ranges
 *(.debug_ranges)

.debug_macro
 *(.debug_macro)
OUTPUT(SerialSwitch.elf elf32-avr)
LOAD linker stubs
